2025-01-27T07:24:36.628029+00:00 ip-172-31-27-153 systemd[1]: Mounted dev-hugepages.mount - Huge Pages File System.
2025-01-27T07:24:36.628207+00:00 ip-172-31-27-153 systemd[1]: Mounted dev-mqueue.mount - POSIX Message Queue File System.
2025-01-27T07:24:36.628213+00:00 ip-172-31-27-153 systemd[1]: Mounted sys-kernel-debug.mount - Kernel Debug File System.
2025-01-27T07:24:36.628215+00:00 ip-172-31-27-153 systemd[1]: Mounted sys-kernel-tracing.mount - Kernel Trace File System.
2025-01-27T07:24:36.628218+00:00 ip-172-31-27-153 systemd[1]: Finished keyboard-setup.service - Set the console keyboard layout.
2025-01-27T07:24:36.628220+00:00 ip-172-31-27-153 systemd[1]: Finished kmod-static-nodes.service - Create List of Static Device Nodes.
2025-01-27T07:24:36.628223+00:00 ip-172-31-27-153 systemd[1]: modprobe@configfs.service: Deactivated successfully.
2025-01-27T07:24:36.628237+00:00 ip-172-31-27-153 systemd[1]: Finished modprobe@configfs.service - Load Kernel Module configfs.
2025-01-27T07:24:36.628242+00:00 ip-172-31-27-153 systemd[1]: modprobe@dm_mod.service: Deactivated successfully.
2025-01-27T07:24:36.628245+00:00 ip-172-31-27-153 systemd[1]: Finished modprobe@dm_mod.service - Load Kernel Module dm_mod.
2025-01-27T07:24:36.628247+00:00 ip-172-31-27-153 systemd[1]: modprobe@drm.service: Deactivated successfully.
2025-01-27T07:24:36.628250+00:00 ip-172-31-27-153 systemd[1]: Finished modprobe@drm.service - Load Kernel Module drm.
2025-01-27T07:24:36.628252+00:00 ip-172-31-27-153 systemd[1]: modprobe@efi_pstore.service: Deactivated successfully.
2025-01-27T07:24:36.628254+00:00 ip-172-31-27-153 systemd[1]: Finished modprobe@efi_pstore.service - Load Kernel Module efi_pstore.
2025-01-27T07:24:36.628258+00:00 ip-172-31-27-153 systemd[1]: modprobe@fuse.service: Deactivated successfully.
2025-01-27T07:24:36.628261+00:00 ip-172-31-27-153 systemd[1]: Finished modprobe@fuse.service - Load Kernel Module fuse.
2025-01-27T07:24:36.628263+00:00 ip-172-31-27-153 systemd[1]: modprobe@loop.service: Deactivated successfully.
2025-01-27T07:24:36.628265+00:00 ip-172-31-27-153 systemd[1]: Finished modprobe@loop.service - Load Kernel Module loop.
2025-01-27T07:24:36.628268+00:00 ip-172-31-27-153 systemd[1]: Mounting sys-fs-fuse-connections.mount - FUSE Control File System...
2025-01-27T07:24:36.628270+00:00 ip-172-31-27-153 systemd-modules-load[141]: Inserted module 'msr'
2025-01-27T07:24:36.628273+00:00 ip-172-31-27-153 systemd[1]: Mounting sys-kernel-config.mount - Kernel Configuration File System...
2025-01-27T07:24:36.628277+00:00 ip-172-31-27-153 systemd[1]: Started systemd-fsckd.service - File System Check Daemon to report status.
2025-01-27T07:24:36.628279+00:00 ip-172-31-27-153 systemd[1]: systemd-repart.service - Repartition Root Disk was skipped because no trigger condition checks were met.
2025-01-27T07:24:36.628282+00:00 ip-172-31-27-153 systemd[1]: Starting systemd-tmpfiles-setup-dev-early.service - Create Static Device Nodes in /dev gracefully...
2025-01-27T07:24:36.628285+00:00 ip-172-31-27-153 systemd[1]: Mounted sys-fs-fuse-connections.mount - FUSE Control File System.
2025-01-27T07:24:36.628287+00:00 ip-172-31-27-153 systemd[1]: Mounted sys-kernel-config.mount - Kernel Configuration File System.
2025-01-27T07:24:36.628291+00:00 ip-172-31-27-153 systemd-modules-load[141]: Inserted module 'dm_multipath'
2025-01-27T07:24:36.628294+00:00 ip-172-31-27-153 systemd-fsck[144]: cloudimg-rootfs: clean, 80827/917504 files, 508601/1834747 blocks
2025-01-27T07:24:36.628297+00:00 ip-172-31-27-153 systemd[1]: Finished systemd-fsck-root.service - File System Check on Root Device.
2025-01-27T07:24:36.628299+00:00 ip-172-31-27-153 systemd-modules-load[141]: Inserted module 'nf_conntrack'
2025-01-27T07:24:36.628302+00:00 ip-172-31-27-153 systemd[1]: Starting systemd-remount-fs.service - Remount Root and Kernel File Systems...
2025-01-27T07:24:36.628304+00:00 ip-172-31-27-153 systemd[1]: Finished systemd-modules-load.service - Load Kernel Modules.
2025-01-27T07:24:36.628308+00:00 ip-172-31-27-153 systemd[1]: Starting systemd-sysctl.service - Apply Kernel Variables...
2025-01-27T07:24:36.628311+00:00 ip-172-31-27-153 systemd[1]: Finished systemd-tmpfiles-setup-dev-early.service - Create Static Device Nodes in /dev gracefully.
2025-01-27T07:24:36.628313+00:00 ip-172-31-27-153 systemd[1]: Finished systemd-sysctl.service - Apply Kernel Variables.
2025-01-27T07:24:36.628315+00:00 ip-172-31-27-153 systemd[1]: Finished lvm2-monitor.service - Monitoring of LVM2 mirrors, snapshots etc. using dmeventd or progress polling.
2025-01-27T07:24:36.628318+00:00 ip-172-31-27-153 systemd[1]: Finished systemd-remount-fs.service - Remount Root and Kernel File Systems.
2025-01-27T07:24:36.628321+00:00 ip-172-31-27-153 systemd[1]: Starting multipathd.service - Device-Mapper Multipath Device Controller...
2025-01-27T07:24:36.628325+00:00 ip-172-31-27-153 systemd[1]: systemd-hwdb-update.service - Rebuild Hardware Database was skipped because no trigger condition checks were met.
2025-01-27T07:24:36.628328+00:00 ip-172-31-27-153 systemd[1]: Starting systemd-journal-flush.service - Flush Journal to Persistent Storage...
2025-01-27T07:24:36.628330+00:00 ip-172-31-27-153 systemd[1]: systemd-pstore.service - Platform Persistent Storage Archival was skipped because of an unmet condition check (ConditionDirectoryNotEmpty=/sys/fs/pstore).
2025-01-27T07:24:36.628333+00:00 ip-172-31-27-153 systemd[1]: Starting systemd-random-seed.service - Load/Save OS Random Seed...
2025-01-27T07:24:36.628336+00:00 ip-172-31-27-153 systemd[1]: Starting systemd-sysusers.service - Create System Users...
2025-01-27T07:24:36.628340+00:00 ip-172-31-27-153 systemd[1]: systemd-tpm2-setup.service - TPM2 SRK Setup was skipped because of an unmet condition check (ConditionSecurity=measured-uki).
2025-01-27T07:24:36.628342+00:00 ip-172-31-27-153 systemd[1]: Finished systemd-udev-trigger.service - Coldplug All udev Devices.
2025-01-27T07:24:36.628344+00:00 ip-172-31-27-153 systemd[1]: Finished systemd-random-seed.service - Load/Save OS Random Seed.
2025-01-27T07:24:36.628347+00:00 ip-172-31-27-153 systemd[1]: Finished systemd-sysusers.service - Create System Users.
2025-01-27T07:24:36.628350+00:00 ip-172-31-27-153 systemd[1]: Starting systemd-tmpfiles-setup-dev.service - Create Static Device Nodes in /dev...
2025-01-27T07:24:36.628352+00:00 ip-172-31-27-153 systemd[1]: Finished systemd-tmpfiles-setup-dev.service - Create Static Device Nodes in /dev.
2025-01-27T07:24:36.628356+00:00 ip-172-31-27-153 systemd[1]: Starting systemd-udevd.service - Rule-based Manager for Device Events and Files...
2025-01-27T07:24:36.628359+00:00 ip-172-31-27-153 systemd[1]: Finished systemd-journal-flush.service - Flush Journal to Persistent Storage.
2025-01-27T07:24:36.628361+00:00 ip-172-31-27-153 systemd-udevd[191]: Using default interface naming scheme 'v255'.
2025-01-27T07:24:36.628364+00:00 ip-172-31-27-153 multipathd[183]: multipathd v0.9.4: start up
2025-01-27T07:24:36.628366+00:00 ip-172-31-27-153 multipathd[183]: reconfigure: setting up paths and maps
2025-01-27T07:24:36.628369+00:00 ip-172-31-27-153 systemd[1]: Started multipathd.service - Device-Mapper Multipath Device Controller.
2025-01-27T07:24:36.628373+00:00 ip-172-31-27-153 systemd[1]: Reached target local-fs-pre.target - Preparation for Local File Systems.
2025-01-27T07:24:36.628375+00:00 ip-172-31-27-153 systemd[1]: Mounting snap-amazon\x2dssm\x2dagent-9881.mount - Mount unit for amazon-ssm-agent, revision 9881...
2025-01-27T07:24:36.628378+00:00 ip-172-31-27-153 systemd[1]: Mounting snap-core22-1722.mount - Mount unit for core22, revision 1722...
2025-01-27T07:24:36.628381+00:00 ip-172-31-27-153 systemd[1]: Mounting snap-snapd-23545.mount - Mount unit for snapd, revision 23545...
2025-01-27T07:24:36.628383+00:00 ip-172-31-27-153 systemd[1]: Mounted snap-amazon\x2dssm\x2dagent-9881.mount - Mount unit for amazon-ssm-agent, revision 9881.
2025-01-27T07:24:36.628387+00:00 ip-172-31-27-153 systemd[1]: Started systemd-udevd.service - Rule-based Manager for Device Events and Files.
2025-01-27T07:24:36.628389+00:00 ip-172-31-27-153 systemd[1]: plymouth-start.service - Show Plymouth Boot Screen was skipped because of an unmet condition check (ConditionKernelCommandLine=splash).
2025-01-27T07:24:36.628392+00:00 ip-172-31-27-153 systemd[1]: Started systemd-ask-password-console.path - Dispatch Password Requests to Console Directory Watch.
2025-01-27T07:24:36.628395+00:00 ip-172-31-27-153 systemd[1]: systemd-ask-password-plymouth.path - Forward Password Requests to Plymouth Directory Watch was skipped because of an unmet condition check (ConditionPathExists=/run/plymouth/pid).
2025-01-27T07:24:36.628397+00:00 ip-172-31-27-153 systemd[1]: Reached target cryptsetup.target - Local Encrypted Volumes.
2025-01-27T07:24:36.628401+00:00 ip-172-31-27-153 systemd[1]: Mounted snap-snapd-23545.mount - Mount unit for snapd, revision 23545.
2025-01-27T07:24:36.628404+00:00 ip-172-31-27-153 systemd[1]: Mounted snap-core22-1722.mount - Mount unit for core22, revision 1722.
2025-01-27T07:24:36.628406+00:00 ip-172-31-27-153 systemd[1]: Reached target snapd.mounts.target - Mounted snaps.
2025-01-27T07:24:36.628408+00:00 ip-172-31-27-153 systemd[1]: Found device dev-ttyS0.device - /dev/ttyS0.
2025-01-27T07:24:36.628411+00:00 ip-172-31-27-153 (udev-worker)[210]: xvda: Process '/usr/bin/unshare -m /usr/bin/snap auto-import --mount=/dev/xvda' failed with exit code 1.
2025-01-27T07:24:36.628413+00:00 ip-172-31-27-153 (udev-worker)[210]: xvda1: Process '/usr/bin/unshare -m /usr/bin/snap auto-import --mount=/dev/xvda1' failed with exit code 1.
2025-01-27T07:24:36.628419+00:00 ip-172-31-27-153 (udev-worker)[209]: xvda16: Process '/usr/bin/unshare -m /usr/bin/snap auto-import --mount=/dev/xvda16' failed with exit code 1.
2025-01-27T07:24:36.628422+00:00 ip-172-31-27-153 systemd[1]: Found device dev-disk-by\x2dlabel-BOOT.device - /dev/disk/by-label/BOOT.
2025-01-27T07:24:36.628425+00:00 ip-172-31-27-153 (udev-worker)[211]: xvda15: Process '/usr/bin/unshare -m /usr/bin/snap auto-import --mount=/dev/xvda15' failed with exit code 1.
2025-01-27T07:24:36.628427+00:00 ip-172-31-27-153 systemd[1]: Starting systemd-fsck@dev-disk-by\x2dlabel-BOOT.service - File System Check on /dev/disk/by-label/BOOT...
2025-01-27T07:24:36.628429+00:00 ip-172-31-27-153 (udev-worker)[207]: xvda14: Process '/usr/bin/unshare -m /usr/bin/snap auto-import --mount=/dev/xvda14' failed with exit code 1.
2025-01-27T07:24:36.628434+00:00 ip-172-31-27-153 systemd[1]: Found device dev-disk-by\x2dlabel-UEFI.device - /dev/disk/by-label/UEFI.
2025-01-27T07:24:36.628437+00:00 ip-172-31-27-153 systemd[1]: Starting systemd-fsck@dev-disk-by\x2dlabel-UEFI.service - File System Check on /dev/disk/by-label/UEFI...
2025-01-27T07:24:36.628439+00:00 ip-172-31-27-153 systemd-fsck[255]: BOOT: clean, 601/58496 files, 27609/233728 blocks
2025-01-27T07:24:36.628443+00:00 ip-172-31-27-153 systemd[1]: Finished systemd-fsck@dev-disk-by\x2dlabel-BOOT.service - File System Check on /dev/disk/by-label/BOOT.
2025-01-27T07:24:36.628446+00:00 ip-172-31-27-153 systemd-fsck[256]: fsck.fat 4.2 (2021-01-31)
2025-01-27T07:24:36.628449+00:00 ip-172-31-27-153 systemd-fsck[256]: /dev/xvda15: 12 files, 12491/213663 clusters
2025-01-27T07:24:36.628453+00:00 ip-172-31-27-153 systemd[1]: Finished systemd-fsck@dev-disk-by\x2dlabel-UEFI.service - File System Check on /dev/disk/by-label/UEFI.
2025-01-27T07:24:36.628456+00:00 ip-172-31-27-153 systemd[1]: Mounting boot.mount - /boot...
2025-01-27T07:24:36.628458+00:00 ip-172-31-27-153 systemd[1]: Mounted boot.mount - /boot.
2025-01-27T07:24:36.628460+00:00 ip-172-31-27-153 systemd[1]: Mounting boot-efi.mount - /boot/efi...
2025-01-27T07:24:36.628462+00:00 ip-172-31-27-153 systemd[1]: Mounted boot-efi.mount - /boot/efi.
2025-01-27T07:24:36.628465+00:00 ip-172-31-27-153 systemd[1]: Reached target local-fs.target - Local File Systems.
2025-01-27T07:24:36.628469+00:00 ip-172-31-27-153 systemd[1]: Listening on systemd-sysext.socket - System Extension Image Management (Varlink).
2025-01-27T07:24:36.628471+00:00 ip-172-31-27-153 systemd[1]: Starting apparmor.service - Load AppArmor profiles...
2025-01-27T07:24:36.628474+00:00 ip-172-31-27-153 systemd[1]: Starting console-setup.service - Set console font and keymap...
2025-01-27T07:24:36.628476+00:00 ip-172-31-27-153 systemd[1]: Starting finalrd.service - Create final runtime dir for shutdown pivot root...
2025-01-27T07:24:36.628479+00:00 ip-172-31-27-153 systemd[1]: Starting ldconfig.service - Rebuild Dynamic Linker Cache...
2025-01-27T07:24:36.628481+00:00 ip-172-31-27-153 apparmor.systemd[266]: Restarting AppArmor
2025-01-27T07:24:36.628486+00:00 ip-172-31-27-153 systemd[1]: Starting plymouth-read-write.service - Tell Plymouth To Write Out Runtime Data...
2025-01-27T07:24:36.628489+00:00 ip-172-31-27-153 apparmor.systemd[266]: Reloading AppArmor profiles
2025-01-27T07:24:36.628491+00:00 ip-172-31-27-153 systemd[1]: Starting systemd-binfmt.service - Set Up Additional Binary Formats...
2025-01-27T07:24:36.628494+00:00 ip-172-31-27-153 systemd[1]: Starting systemd-tmpfiles-setup.service - Create Volatile Files and Directories...
2025-01-27T07:24:36.628496+00:00 ip-172-31-27-153 systemd[1]: Starting ufw.service - Uncomplicated firewall...
2025-01-27T07:24:36.628499+00:00 ip-172-31-27-153 systemd[1]: Finished console-setup.service - Set console font and keymap.
2025-01-27T07:24:36.628503+00:00 ip-172-31-27-153 systemd[1]: Finished finalrd.service - Create final runtime dir for shutdown pivot root.
2025-01-27T07:24:36.628505+00:00 ip-172-31-27-153 systemd[1]: proc-sys-fs-binfmt_misc.automount: Got automount request for /proc/sys/fs/binfmt_misc, triggered by 280 (systemd-binfmt)
2025-01-27T07:24:36.628507+00:00 ip-172-31-27-153 systemd[1]: Mounting proc-sys-fs-binfmt_misc.mount - Arbitrary Executable File Formats File System...
2025-01-27T07:24:36.628510+00:00 ip-172-31-27-153 systemd[1]: Finished ufw.service - Uncomplicated firewall.
2025-01-27T07:24:36.628512+00:00 ip-172-31-27-153 systemd[1]: Mounted proc-sys-fs-binfmt_misc.mount - Arbitrary Executable File Formats File System.
2025-01-27T07:24:36.628516+00:00 ip-172-31-27-153 systemd[1]: Finished systemd-binfmt.service - Set Up Additional Binary Formats.
2025-01-27T07:24:36.628518+00:00 ip-172-31-27-153 systemd[1]: Finished plymouth-read-write.service - Tell Plymouth To Write Out Runtime Data.
2025-01-27T07:24:36.628521+00:00 ip-172-31-27-153 systemd[1]: Finished systemd-tmpfiles-setup.service - Create Volatile Files and Directories.
2025-01-27T07:24:36.628523+00:00 ip-172-31-27-153 systemd[1]: systemd-firstboot.service - First Boot Wizard was skipped because of an unmet condition check (ConditionFirstBoot=yes).
2025-01-27T07:24:36.628526+00:00 ip-172-31-27-153 systemd[1]: first-boot-complete.target - First Boot Complete was skipped because of an unmet condition check (ConditionFirstBoot=yes).
2025-01-27T07:24:36.628528+00:00 ip-172-31-27-153 systemd[1]: Starting systemd-journal-catalog-update.service - Rebuild Journal Catalog...
2025-01-27T07:24:36.628532+00:00 ip-172-31-27-153 systemd[1]: Starting systemd-machine-id-commit.service - Commit a transient machine-id on disk...
2025-01-27T07:24:36.628534+00:00 ip-172-31-27-153 systemd[1]: Starting systemd-resolved.service - Network Name Resolution...
2025-01-27T07:24:36.628537+00:00 ip-172-31-27-153 systemd[1]: Starting systemd-update-utmp.service - Record System Boot/Shutdown in UTMP...
2025-01-27T07:24:36.628539+00:00 ip-172-31-27-153 systemd[1]: Finished systemd-journal-catalog-update.service - Rebuild Journal Catalog.
2025-01-27T07:24:36.628542+00:00 ip-172-31-27-153 systemd[1]: Finished systemd-update-utmp.service - Record System Boot/Shutdown in UTMP.
2025-01-27T07:24:36.628546+00:00 ip-172-31-27-153 systemd[1]: Listening on systemd-rfkill.socket - Load/Save RF Kill Switch Status /dev/rfkill Watch.
2025-01-27T07:24:36.628548+00:00 ip-172-31-27-153 systemd[1]: etc-machine\x2did.mount: Deactivated successfully.
2025-01-27T07:24:36.628551+00:00 ip-172-31-27-153 systemd[1]: Finished systemd-machine-id-commit.service - Commit a transient machine-id on disk.
2025-01-27T07:24:36.628553+00:00 ip-172-31-27-153 systemd-resolved[297]: Positive Trust Anchors:
2025-01-27T07:24:36.628555+00:00 ip-172-31-27-153 systemd-resolved[297]: . IN DS 20326 8 2 e06d44b80b8f1d39a95c0b0d7c65d08458e880409bbc683457104237c7f8ec8d
2025-01-27T07:24:36.628558+00:00 ip-172-31-27-153 systemd-resolved[297]: Negative trust anchors: home.arpa 10.in-addr.arpa 16.172.in-addr.arpa 17.172.in-addr.arpa 18.172.in-addr.arpa 19.172.in-addr.arpa 20.172.in-addr.arpa 21.172.in-addr.arpa 22.172.in-addr.arpa 23.172.in-addr.arpa 24.172.in-addr.arpa 25.172.in-addr.arpa 26.172.in-addr.arpa 27.172.in-addr.arpa 28.172.in-addr.arpa 29.172.in-addr.arpa 30.172.in-addr.arpa 31.172.in-addr.arpa 170.0.0.192.in-addr.arpa 171.0.0.192.in-addr.arpa 168.192.in-addr.arpa d.f.ip6.arpa ipv4only.arpa corp home internal intranet lan local private test
2025-01-27T07:24:36.628562+00:00 ip-172-31-27-153 systemd-resolved[297]: Using system hostname 'ubuntu'.
2025-01-27T07:24:36.628564+00:00 ip-172-31-27-153 systemd[1]: Started systemd-resolved.service - Network Name Resolution.
2025-01-27T07:24:36.628567+00:00 ip-172-31-27-153 systemd[1]: Reached target nss-lookup.target - Host and Network Name Lookups.
2025-01-27T07:24:36.628569+00:00 ip-172-31-27-153 systemd[1]: Finished apparmor.service - Load AppArmor profiles.
2025-01-27T07:24:36.628571+00:00 ip-172-31-27-153 systemd[1]: Starting snapd.apparmor.service - Load AppArmor profiles managed internally by snapd...
2025-01-27T07:24:36.628575+00:00 ip-172-31-27-153 systemd[1]: vgauth.service - Authentication service for virtual machines hosted on VMware was skipped because of an unmet condition check (ConditionVirtualization=vmware).
2025-01-27T07:24:36.628578+00:00 ip-172-31-27-153 systemd[1]: open-vm-tools.service - Service for virtual machines hosted on VMware was skipped because of an unmet condition check (ConditionVirtualization=vmware).
2025-01-27T07:24:36.628580+00:00 ip-172-31-27-153 systemd[1]: Starting cloud-init-local.service - Cloud-init: Local Stage (pre-network)...
2025-01-27T07:24:36.628583+00:00 ip-172-31-27-153 snapd-apparmor[430]: main.go:146: Loading profiles [/var/lib/snapd/apparmor/profiles/snap-confine.snapd.23545 /var/lib/snapd/apparmor/profiles/snap-update-ns.amazon-ssm-agent /var/lib/snapd/apparmor/profiles/snap.amazon-ssm-agent.amazon-ssm-agent /var/lib/snapd/apparmor/profiles/snap.amazon-ssm-agent.ssm-cli]
2025-01-27T07:24:36.628586+00:00 ip-172-31-27-153 systemd[1]: Finished snapd.apparmor.service - Load AppArmor profiles managed internally by snapd.
2025-01-27T07:24:36.628590+00:00 ip-172-31-27-153 systemd[1]: Finished ldconfig.service - Rebuild Dynamic Linker Cache.
2025-01-27T07:24:36.628592+00:00 ip-172-31-27-153 systemd[1]: Starting systemd-update-done.service - Update is Completed...
2025-01-27T07:24:36.628594+00:00 ip-172-31-27-153 systemd[1]: Finished systemd-update-done.service - Update is Completed.
2025-01-27T07:24:36.628597+00:00 ip-172-31-27-153 cloud-init[452]: Cloud-init v. 24.4-0ubuntu1~24.04.2 running 'init-local' at Mon, 27 Jan 2025 07:24:29 +0000. Up 8.80 seconds.
2025-01-27T07:24:36.628600+00:00 ip-172-31-27-153 dhcpcd[455]: dhcpcd-10.0.6 starting
2025-01-27T07:24:36.628603+00:00 ip-172-31-27-153 dhcpcd[458]: DUID 00:01:00:01:2f:29:f1:2d:0a:ff:f5:c9:3d:7b
2025-01-27T07:24:36.628607+00:00 ip-172-31-27-153 dhcpcd[458]: enX0: IAID f5:c9:3d:7b
2025-01-27T07:24:36.628609+00:00 ip-172-31-27-153 dhcpcd[458]: enX0: soliciting a DHCP lease
2025-01-27T07:24:36.628611+00:00 ip-172-31-27-153 dhcpcd[458]: enX0: offered 172.31.27.153 from 172.31.16.1
2025-01-27T07:24:36.628614+00:00 ip-172-31-27-153 dhcpcd[458]: enX0: leased 172.31.27.153 for 3600 seconds
2025-01-27T07:24:36.628616+00:00 ip-172-31-27-153 dhcpcd[458]: enX0: adding route to 172.31.16.0/20
2025-01-27T07:24:36.628618+00:00 ip-172-31-27-153 dhcpcd[458]: enX0: adding default route via 172.31.16.1
2025-01-27T07:24:36.628621+00:00 ip-172-31-27-153 dhcpcd[458]: control command: dhcpcd --dumplease --ipv4only enX0
2025-01-27T07:24:36.628625+00:00 ip-172-31-27-153 systemd-resolved[297]: System hostname changed to 'ip-172-31-27-153'.
2025-01-27T07:24:36.628628+00:00 ip-172-31-27-153 systemd[1]: netplan-ovs-cleanup.service - OpenVSwitch configuration for cleanup was skipped because of an unmet condition check (ConditionFileIsExecutable=/usr/bin/ovs-vsctl).
2025-01-27T07:24:36.628637+00:00 ip-172-31-27-153 systemd[1]: message repeated 2 times: [ netplan-ovs-cleanup.service - OpenVSwitch configuration for cleanup was skipped because of an unmet condition check (ConditionFileIsExecutable=/usr/bin/ovs-vsctl).]
2025-01-27T07:24:36.628641+00:00 ip-172-31-27-153 systemd[1]: Reloading requested from client PID 488 ('systemctl') (unit cloud-init-local.service)...
2025-01-27T07:24:36.628646+00:00 ip-172-31-27-153 systemd[1]: Reloading...
2025-01-27T07:24:36.628649+00:00 ip-172-31-27-153 systemd[1]: Reloading finished in 193 ms.
2025-01-27T07:24:36.628652+00:00 ip-172-31-27-153 systemd[1]: Finished cloud-init-local.service - Cloud-init: Local Stage (pre-network).
2025-01-27T07:24:36.628655+00:00 ip-172-31-27-153 systemd[1]: Reached target network-pre.target - Preparation for Network.
2025-01-27T07:24:36.628657+00:00 ip-172-31-27-153 systemd[1]: Starting systemd-networkd.service - Network Configuration...
2025-01-27T07:24:36.628660+00:00 ip-172-31-27-153 systemd-networkd[523]: lo: Link UP
2025-01-27T07:24:36.628664+00:00 ip-172-31-27-153 systemd-networkd[523]: lo: Gained carrier
2025-01-27T07:24:36.628666+00:00 ip-172-31-27-153 systemd-networkd[523]: Enumeration completed
2025-01-27T07:24:36.628669+00:00 ip-172-31-27-153 systemd[1]: Started systemd-networkd.service - Network Configuration.
2025-01-27T07:24:36.628671+00:00 ip-172-31-27-153 systemd[1]: Reached target network.target - Network.
2025-01-27T07:24:36.628673+00:00 ip-172-31-27-153 systemd-networkd[523]: enX0: Link UP
2025-01-27T07:24:36.628676+00:00 ip-172-31-27-153 systemd-networkd[523]: enX0: Gained carrier
2025-01-27T07:24:36.628679+00:00 ip-172-31-27-153 systemd[1]: Starting systemd-networkd-wait-online.service - Wait for Network to be Configured...
2025-01-27T07:24:36.628682+00:00 ip-172-31-27-153 systemd-networkd[523]: enX0: Link DOWN
2025-01-27T07:24:36.628684+00:00 ip-172-31-27-153 systemd-networkd[523]: enX0: Lost carrier
2025-01-27T07:24:36.628686+00:00 ip-172-31-27-153 systemd-networkd[523]: enX0: Configuring with /run/systemd/network/10-netplan-enX0.network.
2025-01-27T07:24:36.628689+00:00 ip-172-31-27-153 systemd-networkd[523]: enX0: Link UP
2025-01-27T07:24:36.628691+00:00 ip-172-31-27-153 systemd-networkd[523]: enX0: Gained carrier
2025-01-27T07:24:36.628695+00:00 ip-172-31-27-153 systemd-networkd[523]: enX0: DHCPv4 address 172.31.27.153/20, gateway 172.31.16.1 acquired from 172.31.16.1
2025-01-27T07:24:36.628699+00:00 ip-172-31-27-153 systemd-networkd[523]: enX0: Gained IPv6LL
2025-01-27T07:24:36.628701+00:00 ip-172-31-27-153 systemd[1]: Finished systemd-networkd-wait-online.service - Wait for Network to be Configured.
2025-01-27T07:24:36.628704+00:00 ip-172-31-27-153 systemd[1]: Starting cloud-init.service - Cloud-init: Network Stage...
2025-01-27T07:24:36.628183+00:00 ip-172-31-27-153 kernel: Linux version 6.8.0-1021-aws (buildd@lcy02-amd64-111) (x86_64-linux-gnu-gcc-13 (Ubuntu 13.3.0-6ubuntu2~24.04) 13.3.0, GNU ld (GNU Binutils for Ubuntu) 2.42) #23-Ubuntu SMP Mon Dec  9 23:59:34 UTC 2024 (Ubuntu 6.8.0-1021.23-aws 6.8.12)
2025-01-27T07:24:36.638129+00:00 ip-172-31-27-153 kernel: Command line: BOOT_IMAGE=/vmlinuz-6.8.0-1021-aws root=PARTUUID=2bb9818b-3393-4017-8da7-c739e7b96eac ro console=tty1 console=ttyS0 nvme_core.io_timeout=4294967295 panic=-1
2025-01-27T07:24:36.638134+00:00 ip-172-31-27-153 kernel: KERNEL supported cpus:
2025-01-27T07:24:36.638135+00:00 ip-172-31-27-153 kernel:   Intel GenuineIntel
2025-01-27T07:24:36.638136+00:00 ip-172-31-27-153 kernel:   AMD AuthenticAMD
2025-01-27T07:24:36.638137+00:00 ip-172-31-27-153 kernel:   Hygon HygonGenuine
2025-01-27T07:24:36.638137+00:00 ip-172-31-27-153 kernel:   Centaur CentaurHauls
2025-01-27T07:24:36.638140+00:00 ip-172-31-27-153 kernel:   zhaoxin   Shanghai  
2025-01-27T07:24:36.638141+00:00 ip-172-31-27-153 kernel: BIOS-provided physical RAM map:
2025-01-27T07:24:36.638141+00:00 ip-172-31-27-153 kernel: BIOS-e820: [mem 0x0000000000000000-0x000000000009dfff] usable
2025-01-27T07:24:36.638142+00:00 ip-172-31-27-153 kernel: BIOS-e820: [mem 0x000000000009e000-0x000000000009ffff] reserved
2025-01-27T07:24:36.638143+00:00 ip-172-31-27-153 kernel: BIOS-e820: [mem 0x00000000000e0000-0x00000000000fffff] reserved
2025-01-27T07:24:36.638144+00:00 ip-172-31-27-153 kernel: BIOS-e820: [mem 0x0000000000100000-0x000000003fffffff] usable
2025-01-27T07:24:36.638146+00:00 ip-172-31-27-153 kernel: BIOS-e820: [mem 0x00000000fc000000-0x00000000ffffffff] reserved
2025-01-27T07:24:36.638147+00:00 ip-172-31-27-153 kernel: NX (Execute Disable) protection: active
2025-01-27T07:24:36.638148+00:00 ip-172-31-27-153 kernel: APIC: Static calls initialized
2025-01-27T07:24:36.638149+00:00 ip-172-31-27-153 kernel: SMBIOS 2.7 present.
2025-01-27T07:24:36.638150+00:00 ip-172-31-27-153 kernel: DMI: Xen HVM domU, BIOS 4.11.amazon 08/24/2006
2025-01-27T07:24:36.638151+00:00 ip-172-31-27-153 kernel: Hypervisor detected: Xen HVM
2025-01-27T07:24:36.638151+00:00 ip-172-31-27-153 kernel: Xen version 4.11.
2025-01-27T07:24:36.638155+00:00 ip-172-31-27-153 kernel: platform_pci_unplug: Netfront and the Xen platform PCI driver have been compiled for this kernel: unplug emulated NICs.
2025-01-27T07:24:36.638156+00:00 ip-172-31-27-153 kernel: platform_pci_unplug: Blkfront and the Xen platform PCI driver have been compiled for this kernel: unplug emulated disks.
2025-01-27T07:24:36.638157+00:00 ip-172-31-27-153 kernel: You might have to change the root device
2025-01-27T07:24:36.638158+00:00 ip-172-31-27-153 kernel: from /dev/hd[a-d] to /dev/xvd[a-d]
2025-01-27T07:24:36.638159+00:00 ip-172-31-27-153 kernel: in your root= kernel command line option
2025-01-27T07:24:36.638160+00:00 ip-172-31-27-153 kernel: HVMOP_pagetable_dying not supported
2025-01-27T07:24:36.638162+00:00 ip-172-31-27-153 kernel: tsc: Detected 2299.998 MHz processor
2025-01-27T07:24:36.638163+00:00 ip-172-31-27-153 kernel: e820: update [mem 0x00000000-0x00000fff] usable ==> reserved
2025-01-27T07:24:36.638164+00:00 ip-172-31-27-153 kernel: e820: remove [mem 0x000a0000-0x000fffff] usable
2025-01-27T07:24:36.638164+00:00 ip-172-31-27-153 kernel: last_pfn = 0x40000 max_arch_pfn = 0x400000000
2025-01-27T07:24:36.638165+00:00 ip-172-31-27-153 kernel: MTRR map: 4 entries (3 fixed + 1 variable; max 19), built from 8 variable MTRRs
2025-01-27T07:24:36.638166+00:00 ip-172-31-27-153 kernel: x86/PAT: Configuration [0-7]: WB  WC  UC- UC  WB  WP  UC- WT  
2025-01-27T07:24:36.638168+00:00 ip-172-31-27-153 kernel: found SMP MP-table at [mem 0x000fbb70-0x000fbb7f]
2025-01-27T07:24:36.638169+00:00 ip-172-31-27-153 kernel: RAMDISK: [mem 0x37091000-0x3783ffff]
2025-01-27T07:24:36.638170+00:00 ip-172-31-27-153 kernel: ACPI: Early table checksum verification disabled
2025-01-27T07:24:36.638171+00:00 ip-172-31-27-153 kernel: ACPI: RSDP 0x00000000000EA020 000024 (v02 Xen   )
2025-01-27T07:24:36.638172+00:00 ip-172-31-27-153 kernel: ACPI: XSDT 0x00000000FC00A250 00005C (v01 Xen    HVM      00000000 HVML 00000000)
2025-01-27T07:24:36.638172+00:00 ip-172-31-27-153 kernel: ACPI: FACP 0x00000000FC00A150 0000F4 (v04 Xen    HVM      00000000 HVML 00000000)
2025-01-27T07:24:36.638173+00:00 ip-172-31-27-153 kernel: ACPI: DSDT 0x00000000FC001000 008A79 (v02 Xen    HVM      00000000 INTL 20090123)
2025-01-27T07:24:36.638176+00:00 ip-172-31-27-153 kernel: ACPI: FACS 0x00000000FC00A050 000040
2025-01-27T07:24:36.638176+00:00 ip-172-31-27-153 kernel: ACPI: FACS 0x00000000FC00A050 000040
2025-01-27T07:24:36.638179+00:00 ip-172-31-27-153 kernel: ACPI: SSDT 0x00000000FC009A80 000033 (v02 Xen    HVM      00000000 INTL 20090123)
2025-01-27T07:24:36.638180+00:00 ip-172-31-27-153 kernel: ACPI: SSDT 0x00000000FC009AC0 000031 (v02 Xen    HVM      00000000 INTL 20090123)
2025-01-27T07:24:36.638181+00:00 ip-172-31-27-153 kernel: ACPI: APIC 0x00000000FC009B00 0000D8 (v02 Xen    HVM      00000000 HVML 00000000)
2025-01-27T07:24:36.638181+00:00 ip-172-31-27-153 kernel: ACPI: HPET 0x00000000FC009FE0 000038 (v01 Xen    HVM      00000000 HVML 00000000)
2025-01-27T07:24:36.638184+00:00 ip-172-31-27-153 kernel: ACPI: WAET 0x00000000FC00A020 000028 (v01 Xen    HVM      00000000 HVML 00000000)
2025-01-27T07:24:36.638185+00:00 ip-172-31-27-153 kernel: ACPI: Reserving FACP table memory at [mem 0xfc00a150-0xfc00a243]
2025-01-27T07:24:36.638186+00:00 ip-172-31-27-153 kernel: ACPI: Reserving DSDT table memory at [mem 0xfc001000-0xfc009a78]
2025-01-27T07:24:36.638187+00:00 ip-172-31-27-153 kernel: ACPI: Reserving FACS table memory at [mem 0xfc00a050-0xfc00a08f]
2025-01-27T07:24:36.638187+00:00 ip-172-31-27-153 kernel: ACPI: Reserving FACS table memory at [mem 0xfc00a050-0xfc00a08f]
2025-01-27T07:24:36.638189+00:00 ip-172-31-27-153 kernel: ACPI: Reserving SSDT table memory at [mem 0xfc009a80-0xfc009ab2]
2025-01-27T07:24:36.638191+00:00 ip-172-31-27-153 kernel: ACPI: Reserving SSDT table memory at [mem 0xfc009ac0-0xfc009af0]
2025-01-27T07:24:36.638192+00:00 ip-172-31-27-153 kernel: ACPI: Reserving APIC table memory at [mem 0xfc009b00-0xfc009bd7]
2025-01-27T07:24:36.638193+00:00 ip-172-31-27-153 kernel: ACPI: Reserving HPET table memory at [mem 0xfc009fe0-0xfc00a017]
2025-01-27T07:24:36.638194+00:00 ip-172-31-27-153 kernel: ACPI: Reserving WAET table memory at [mem 0xfc00a020-0xfc00a047]
2025-01-27T07:24:36.638194+00:00 ip-172-31-27-153 kernel: No NUMA configuration found
2025-01-27T07:24:36.638195+00:00 ip-172-31-27-153 kernel: Faking a node at [mem 0x0000000000000000-0x000000003fffffff]
2025-01-27T07:24:36.638198+00:00 ip-172-31-27-153 kernel: NODE_DATA(0) allocated [mem 0x3ffd5000-0x3fffffff]
2025-01-27T07:24:36.638199+00:00 ip-172-31-27-153 kernel: Zone ranges:
2025-01-27T07:24:36.638200+00:00 ip-172-31-27-153 kernel:   DMA      [mem 0x0000000000001000-0x0000000000ffffff]
2025-01-27T07:24:36.638201+00:00 ip-172-31-27-153 kernel:   DMA32    [mem 0x0000000001000000-0x000000003fffffff]
2025-01-27T07:24:36.638201+00:00 ip-172-31-27-153 kernel:   Normal   empty
2025-01-27T07:24:36.638202+00:00 ip-172-31-27-153 kernel:   Device   empty
2025-01-27T07:24:36.638203+00:00 ip-172-31-27-153 kernel: Movable zone start for each node
2025-01-27T07:24:36.638205+00:00 ip-172-31-27-153 kernel: Early memory node ranges
2025-01-27T07:24:36.638206+00:00 ip-172-31-27-153 kernel:   node   0: [mem 0x0000000000001000-0x000000000009dfff]
2025-01-27T07:24:36.638207+00:00 ip-172-31-27-153 kernel:   node   0: [mem 0x0000000000100000-0x000000003fffffff]
2025-01-27T07:24:36.638208+00:00 ip-172-31-27-153 kernel: Initmem setup node 0 [mem 0x0000000000001000-0x000000003fffffff]
2025-01-27T07:24:36.638209+00:00 ip-172-31-27-153 kernel: On node 0, zone DMA: 1 pages in unavailable ranges
2025-01-27T07:24:36.638210+00:00 ip-172-31-27-153 kernel: On node 0, zone DMA: 98 pages in unavailable ranges
2025-01-27T07:24:36.638212+00:00 ip-172-31-27-153 kernel: ACPI: PM-Timer IO Port: 0xb008
2025-01-27T07:24:36.638213+00:00 ip-172-31-27-153 kernel: IOAPIC[0]: apic_id 1, version 17, address 0xfec00000, GSI 0-47
2025-01-27T07:24:36.638214+00:00 ip-172-31-27-153 kernel: ACPI: INT_SRC_OVR (bus 0 bus_irq 0 global_irq 2 dfl dfl)
2025-01-27T07:24:36.638214+00:00 ip-172-31-27-153 kernel: ACPI: INT_SRC_OVR (bus 0 bus_irq 5 global_irq 5 low level)
2025-01-27T07:24:36.638215+00:00 ip-172-31-27-153 kernel: ACPI: INT_SRC_OVR (bus 0 bus_irq 10 global_irq 10 low level)
2025-01-27T07:24:36.638216+00:00 ip-172-31-27-153 kernel: ACPI: INT_SRC_OVR (bus 0 bus_irq 11 global_irq 11 low level)
2025-01-27T07:24:36.638217+00:00 ip-172-31-27-153 kernel: ACPI: Using ACPI (MADT) for SMP configuration information
2025-01-27T07:24:36.638219+00:00 ip-172-31-27-153 kernel: ACPI: HPET id: 0x8086a201 base: 0xfed00000
2025-01-27T07:24:36.638220+00:00 ip-172-31-27-153 kernel: TSC deadline timer available
2025-01-27T07:24:36.638221+00:00 ip-172-31-27-153 kernel: smpboot: Allowing 15 CPUs, 14 hotplug CPUs
2025-01-27T07:24:36.638221+00:00 ip-172-31-27-153 kernel: PM: hibernation: Registered nosave memory: [mem 0x00000000-0x00000fff]
2025-01-27T07:24:36.638222+00:00 ip-172-31-27-153 kernel: PM: hibernation: Registered nosave memory: [mem 0x0009e000-0x0009ffff]
2025-01-27T07:24:36.638223+00:00 ip-172-31-27-153 kernel: PM: hibernation: Registered nosave memory: [mem 0x000a0000-0x000dffff]
2025-01-27T07:24:36.638226+00:00 ip-172-31-27-153 kernel: PM: hibernation: Registered nosave memory: [mem 0x000e0000-0x000fffff]
2025-01-27T07:24:36.638226+00:00 ip-172-31-27-153 kernel: [mem 0x40000000-0xfbffffff] available for PCI devices
2025-01-27T07:24:36.638227+00:00 ip-172-31-27-153 kernel: Booting paravirtualized kernel on Xen HVM
2025-01-27T07:24:36.638228+00:00 ip-172-31-27-153 kernel: clocksource: refined-jiffies: mask: 0xffffffff max_cycles: 0xffffffff, max_idle_ns: 1910969940391419 ns
2025-01-27T07:24:36.638229+00:00 ip-172-31-27-153 kernel: setup_percpu: NR_CPUS:8192 nr_cpumask_bits:15 nr_cpu_ids:15 nr_node_ids:1
2025-01-27T07:24:36.638230+00:00 ip-172-31-27-153 kernel: percpu: Embedded 85 pages/cpu s225280 r8192 d114688 u524288
2025-01-27T07:24:36.638233+00:00 ip-172-31-27-153 kernel: pcpu-alloc: s225280 r8192 d114688 u524288 alloc=1*2097152
2025-01-27T07:24:36.638233+00:00 ip-172-31-27-153 kernel: pcpu-alloc: [0] 00 01 02 03 [0] 04 05 06 07 
2025-01-27T07:24:36.638234+00:00 ip-172-31-27-153 kernel: pcpu-alloc: [0] 08 09 10 11 [0] 12 13 14 -- 
2025-01-27T07:24:36.638235+00:00 ip-172-31-27-153 kernel: xen: PV spinlocks enabled
2025-01-27T07:24:36.638236+00:00 ip-172-31-27-153 kernel: PV qspinlock hash table entries: 256 (order: 0, 4096 bytes, linear)
2025-01-27T07:24:36.638237+00:00 ip-172-31-27-153 kernel: Kernel command line: BOOT_IMAGE=/vmlinuz-6.8.0-1021-aws root=PARTUUID=2bb9818b-3393-4017-8da7-c739e7b96eac ro console=tty1 console=ttyS0 nvme_core.io_timeout=4294967295 panic=-1
2025-01-27T07:24:36.638239+00:00 ip-172-31-27-153 kernel: Unknown kernel command line parameters "BOOT_IMAGE=/vmlinuz-6.8.0-1021-aws", will be passed to user space.
2025-01-27T07:24:36.638240+00:00 ip-172-31-27-153 kernel: random: crng init done
2025-01-27T07:24:36.638241+00:00 ip-172-31-27-153 kernel: Dentry cache hash table entries: 131072 (order: 8, 1048576 bytes, linear)
2025-01-27T07:24:36.638242+00:00 ip-172-31-27-153 kernel: Inode-cache hash table entries: 65536 (order: 7, 524288 bytes, linear)
2025-01-27T07:24:36.638243+00:00 ip-172-31-27-153 kernel: Fallback order for Node 0: 0 
2025-01-27T07:24:36.638243+00:00 ip-172-31-27-153 kernel: Built 1 zonelists, mobility grouping on.  Total pages: 257792
2025-01-27T07:24:36.638246+00:00 ip-172-31-27-153 kernel: Policy zone: DMA32
2025-01-27T07:24:36.638246+00:00 ip-172-31-27-153 kernel: mem auto-init: stack:all(zero), heap alloc:on, heap free:off
2025-01-27T07:24:36.638247+00:00 ip-172-31-27-153 kernel: Memory: 964784K/1048180K available (22528K kernel code, 4446K rwdata, 13976K rodata, 5088K init, 4616K bss, 83136K reserved, 0K cma-reserved)
2025-01-27T07:24:36.638248+00:00 ip-172-31-27-153 kernel: SLUB: HWalign=64, Order=0-3, MinObjects=0, CPUs=15, Nodes=1
2025-01-27T07:24:36.638249+00:00 ip-172-31-27-153 kernel: Kernel/User page tables isolation: enabled
2025-01-27T07:24:36.638287+00:00 ip-172-31-27-153 kernel: ftrace: allocating 58229 entries in 228 pages
2025-01-27T07:24:36.638288+00:00 ip-172-31-27-153 kernel: ftrace section at ffffffff97abc820 sorted properly
2025-01-27T07:24:36.638290+00:00 ip-172-31-27-153 kernel: ftrace: allocated 228 pages with 4 groups
2025-01-27T07:24:36.638291+00:00 ip-172-31-27-153 kernel: rcu: Hierarchical RCU implementation.
2025-01-27T07:24:36.638292+00:00 ip-172-31-27-153 kernel: rcu: 	RCU restricting CPUs from NR_CPUS=8192 to nr_cpu_ids=15.
2025-01-27T07:24:36.638292+00:00 ip-172-31-27-153 kernel: 	Rude variant of Tasks RCU enabled.
2025-01-27T07:24:36.638293+00:00 ip-172-31-27-153 kernel: 	Tracing variant of Tasks RCU enabled.
2025-01-27T07:24:36.638294+00:00 ip-172-31-27-153 kernel: rcu: RCU calculated value of scheduler-enlistment delay is 100 jiffies.
2025-01-27T07:24:36.638297+00:00 ip-172-31-27-153 kernel: rcu: Adjusting geometry for rcu_fanout_leaf=16, nr_cpu_ids=15
2025-01-27T07:24:36.638298+00:00 ip-172-31-27-153 kernel: NR_IRQS: 524544, nr_irqs: 952, preallocated irqs: 16
2025-01-27T07:24:36.638299+00:00 ip-172-31-27-153 kernel: xen:events: Using 2-level ABI
2025-01-27T07:24:36.638300+00:00 ip-172-31-27-153 kernel: xen:events: Xen HVM callback vector for event delivery is enabled
2025-01-27T07:24:36.638301+00:00 ip-172-31-27-153 kernel: rcu: srcu_init: Setting srcu_struct sizes based on contention.
2025-01-27T07:24:36.638301+00:00 ip-172-31-27-153 kernel: Console: colour VGA+ 80x25
2025-01-27T07:24:36.638304+00:00 ip-172-31-27-153 kernel: printk: legacy console [tty1] enabled
2025-01-27T07:24:36.638305+00:00 ip-172-31-27-153 kernel: Cannot get hvm parameter CONSOLE_EVTCHN (18): -22!
2025-01-27T07:24:36.638305+00:00 ip-172-31-27-153 kernel: printk: legacy console [ttyS0] enabled
2025-01-27T07:24:36.638306+00:00 ip-172-31-27-153 kernel: ACPI: Core revision 20230628
2025-01-27T07:24:36.638307+00:00 ip-172-31-27-153 kernel: clocksource: hpet: mask: 0xffffffff max_cycles: 0xffffffff, max_idle_ns: 30580167144 ns
2025-01-27T07:24:36.638308+00:00 ip-172-31-27-153 kernel: APIC: Switch to symmetric I/O mode setup
2025-01-27T07:24:36.638309+00:00 ip-172-31-27-153 kernel: x2apic enabled
2025-01-27T07:24:36.638311+00:00 ip-172-31-27-153 kernel: APIC: Switched APIC routing to: physical x2apic
2025-01-27T07:24:36.638312+00:00 ip-172-31-27-153 kernel: ..TIMER: vector=0x30 apic1=0 pin1=2 apic2=0 pin2=0
2025-01-27T07:24:36.638312+00:00 ip-172-31-27-153 kernel: clocksource: tsc-early: mask: 0xffffffffffffffff max_cycles: 0x212733415c7, max_idle_ns: 440795236380 ns
2025-01-27T07:24:36.638313+00:00 ip-172-31-27-153 kernel: Calibrating delay loop (skipped), value calculated using timer frequency.. 4599.99 BogoMIPS (lpj=2299998)
2025-01-27T07:24:36.638314+00:00 ip-172-31-27-153 kernel: Last level iTLB entries: 4KB 64, 2MB 8, 4MB 8
2025-01-27T07:24:36.638315+00:00 ip-172-31-27-153 kernel: Last level dTLB entries: 4KB 64, 2MB 0, 4MB 0, 1GB 4
2025-01-27T07:24:36.638317+00:00 ip-172-31-27-153 kernel: Spectre V1 : Mitigation: usercopy/swapgs barriers and __user pointer sanitization
2025-01-27T07:24:36.638318+00:00 ip-172-31-27-153 kernel: Spectre V2 : Mitigation: Retpolines
2025-01-27T07:24:36.638319+00:00 ip-172-31-27-153 kernel: Spectre V2 : Spectre v2 / SpectreRSB mitigation: Filling RSB on context switch
2025-01-27T07:24:36.638320+00:00 ip-172-31-27-153 kernel: Spectre V2 : Spectre v2 / SpectreRSB : Filling RSB on VMEXIT
2025-01-27T07:24:36.638321+00:00 ip-172-31-27-153 kernel: Speculative Store Bypass: Vulnerable
2025-01-27T07:24:36.638322+00:00 ip-172-31-27-153 kernel: MDS: Vulnerable: Clear CPU buffers attempted, no microcode
2025-01-27T07:24:36.638324+00:00 ip-172-31-27-153 kernel: MMIO Stale Data: Vulnerable: Clear CPU buffers attempted, no microcode
2025-01-27T07:24:36.638325+00:00 ip-172-31-27-153 kernel: x86/fpu: Supporting XSAVE feature 0x001: 'x87 floating point registers'
2025-01-27T07:24:36.638326+00:00 ip-172-31-27-153 kernel: x86/fpu: Supporting XSAVE feature 0x002: 'SSE registers'
2025-01-27T07:24:36.638326+00:00 ip-172-31-27-153 kernel: x86/fpu: Supporting XSAVE feature 0x004: 'AVX registers'
2025-01-27T07:24:36.638327+00:00 ip-172-31-27-153 kernel: x86/fpu: xstate_offset[2]:  576, xstate_sizes[2]:  256
2025-01-27T07:24:36.638328+00:00 ip-172-31-27-153 kernel: x86/fpu: Enabled xstate features 0x7, context size is 832 bytes, using 'standard' format.
2025-01-27T07:24:36.638329+00:00 ip-172-31-27-153 kernel: pid_max: default: 32768 minimum: 301
2025-01-27T07:24:36.638331+00:00 ip-172-31-27-153 kernel: LSM: initializing lsm=lockdown,capability,landlock,yama,apparmor,integrity
2025-01-27T07:24:36.638332+00:00 ip-172-31-27-153 kernel: landlock: Up and running.
2025-01-27T07:24:36.638333+00:00 ip-172-31-27-153 kernel: Yama: becoming mindful.
2025-01-27T07:24:36.638333+00:00 ip-172-31-27-153 kernel: AppArmor: AppArmor initialized
2025-01-27T07:24:36.638334+00:00 ip-172-31-27-153 kernel: Mount-cache hash table entries: 2048 (order: 2, 16384 bytes, linear)
2025-01-27T07:24:36.638335+00:00 ip-172-31-27-153 kernel: Mountpoint-cache hash table entries: 2048 (order: 2, 16384 bytes, linear)
2025-01-27T07:24:36.638337+00:00 ip-172-31-27-153 kernel: clocksource: xen: mask: 0xffffffffffffffff max_cycles: 0x1cd42e4dffb, max_idle_ns: 881590591483 ns
2025-01-27T07:24:36.638338+00:00 ip-172-31-27-153 kernel: Xen: using vcpuop timer interface
2025-01-27T07:24:36.638338+00:00 ip-172-31-27-153 kernel: installing Xen timer for CPU 0
2025-01-27T07:24:36.638339+00:00 ip-172-31-27-153 kernel: smpboot: CPU0: Intel(R) Xeon(R) CPU E5-2686 v4 @ 2.30GHz (family: 0x6, model: 0x4f, stepping: 0x1)
2025-01-27T07:24:36.638340+00:00 ip-172-31-27-153 kernel: cpu 0 spinlock event irq 53
2025-01-27T07:24:36.638341+00:00 ip-172-31-27-153 kernel: RCU Tasks Rude: Setting shift to 4 and lim to 1 rcu_task_cb_adjust=1.
2025-01-27T07:24:36.638343+00:00 ip-172-31-27-153 kernel: RCU Tasks Trace: Setting shift to 4 and lim to 1 rcu_task_cb_adjust=1.
2025-01-27T07:24:36.638343+00:00 ip-172-31-27-153 kernel: Performance Events: unsupported p6 CPU model 79 no PMU driver, software events only.
2025-01-27T07:24:36.638344+00:00 ip-172-31-27-153 kernel: signal: max sigframe size: 1776
2025-01-27T07:24:36.638345+00:00 ip-172-31-27-153 kernel: rcu: Hierarchical SRCU implementation.
2025-01-27T07:24:36.638346+00:00 ip-172-31-27-153 kernel: rcu: 	Max phase no-delay instances is 400.
2025-01-27T07:24:36.638346+00:00 ip-172-31-27-153 kernel: NMI watchdog: Perf NMI watchdog permanently disabled
2025-01-27T07:24:36.638347+00:00 ip-172-31-27-153 kernel: smp: Bringing up secondary CPUs ...
2025-01-27T07:24:36.638349+00:00 ip-172-31-27-153 kernel: smp: Brought up 1 node, 1 CPU
2025-01-27T07:24:36.638350+00:00 ip-172-31-27-153 kernel: smpboot: Max logical packages: 15
2025-01-27T07:24:36.638351+00:00 ip-172-31-27-153 kernel: smpboot: Total of 1 processors activated (4599.99 BogoMIPS)
2025-01-27T07:24:36.638351+00:00 ip-172-31-27-153 kernel: devtmpfs: initialized
2025-01-27T07:24:36.638352+00:00 ip-172-31-27-153 kernel: x86/mm: Memory block size: 128MB
2025-01-27T07:24:36.638353+00:00 ip-172-31-27-153 kernel: clocksource: jiffies: mask: 0xffffffff max_cycles: 0xffffffff, max_idle_ns: 1911260446275000 ns
2025-01-27T07:24:36.638355+00:00 ip-172-31-27-153 kernel: futex hash table entries: 4096 (order: 6, 262144 bytes, linear)
2025-01-27T07:24:36.638356+00:00 ip-172-31-27-153 kernel: pinctrl core: initialized pinctrl subsystem
2025-01-27T07:24:36.638357+00:00 ip-172-31-27-153 kernel: PM: RTC time: 07:24:21, date: 2025-01-27
2025-01-27T07:24:36.638357+00:00 ip-172-31-27-153 kernel: NET: Registered PF_NETLINK/PF_ROUTE protocol family
2025-01-27T07:24:36.638358+00:00 ip-172-31-27-153 kernel: DMA: preallocated 128 KiB GFP_KERNEL pool for atomic allocations
2025-01-27T07:24:36.638359+00:00 ip-172-31-27-153 kernel: DMA: preallocated 128 KiB GFP_KERNEL|GFP_DMA pool for atomic allocations
2025-01-27T07:24:36.638359+00:00 ip-172-31-27-153 kernel: DMA: preallocated 128 KiB GFP_KERNEL|GFP_DMA32 pool for atomic allocations
2025-01-27T07:24:36.638362+00:00 ip-172-31-27-153 kernel: audit: initializing netlink subsys (disabled)
2025-01-27T07:24:36.638362+00:00 ip-172-31-27-153 kernel: audit: type=2000 audit(1737962662.011:1): state=initialized audit_enabled=0 res=1
2025-01-27T07:24:36.638363+00:00 ip-172-31-27-153 kernel: thermal_sys: Registered thermal governor 'fair_share'
2025-01-27T07:24:36.638364+00:00 ip-172-31-27-153 kernel: thermal_sys: Registered thermal governor 'bang_bang'
2025-01-27T07:24:36.638365+00:00 ip-172-31-27-153 kernel: thermal_sys: Registered thermal governor 'step_wise'
2025-01-27T07:24:36.638365+00:00 ip-172-31-27-153 kernel: thermal_sys: Registered thermal governor 'user_space'
2025-01-27T07:24:36.638368+00:00 ip-172-31-27-153 kernel: thermal_sys: Registered thermal governor 'power_allocator'
2025-01-27T07:24:36.638368+00:00 ip-172-31-27-153 kernel: EISA bus registered
2025-01-27T07:24:36.638369+00:00 ip-172-31-27-153 kernel: cpuidle: using governor ladder
2025-01-27T07:24:36.638370+00:00 ip-172-31-27-153 kernel: cpuidle: using governor menu
2025-01-27T07:24:36.638371+00:00 ip-172-31-27-153 kernel: acpiphp: ACPI Hot Plug PCI Controller Driver version: 0.5
2025-01-27T07:24:36.638371+00:00 ip-172-31-27-153 kernel: PCI: Using configuration type 1 for base access
2025-01-27T07:24:36.638373+00:00 ip-172-31-27-153 kernel: kprobes: kprobe jump-optimization is enabled. All kprobes are optimized if possible.
2025-01-27T07:24:36.638374+00:00 ip-172-31-27-153 kernel: HugeTLB: registered 2.00 MiB page size, pre-allocated 0 pages
2025-01-27T07:24:36.638375+00:00 ip-172-31-27-153 kernel: HugeTLB: 28 KiB vmemmap can be freed for a 2.00 MiB page
2025-01-27T07:24:36.638376+00:00 ip-172-31-27-153 kernel: ACPI: Added _OSI(Module Device)
2025-01-27T07:24:36.638376+00:00 ip-172-31-27-153 kernel: ACPI: Added _OSI(Processor Device)
2025-01-27T07:24:36.638377+00:00 ip-172-31-27-153 kernel: ACPI: Added _OSI(3.0 _SCP Extensions)
2025-01-27T07:24:36.638378+00:00 ip-172-31-27-153 kernel: ACPI: Added _OSI(Processor Aggregator Device)
2025-01-27T07:24:36.638380+00:00 ip-172-31-27-153 kernel: ACPI: 3 ACPI AML tables successfully acquired and loaded
2025-01-27T07:24:36.638381+00:00 ip-172-31-27-153 kernel: xen: --> pirq=16 -> irq=9 (gsi=9)
2025-01-27T07:24:36.638382+00:00 ip-172-31-27-153 kernel: ACPI: _OSC evaluation for CPUs failed, trying _PDC
2025-01-27T07:24:36.638383+00:00 ip-172-31-27-153 kernel: ACPI: Interpreter enabled
2025-01-27T07:24:36.638383+00:00 ip-172-31-27-153 kernel: ACPI: PM: (supports S0 S4 S5)
2025-01-27T07:24:36.638384+00:00 ip-172-31-27-153 kernel: ACPI: Using IOAPIC for interrupt routing
2025-01-27T07:24:36.638390+00:00 ip-172-31-27-153 kernel: PCI: Using host bridge windows from ACPI; if necessary, use "pci=nocrs" and report a bug
2025-01-27T07:24:36.638391+00:00 ip-172-31-27-153 kernel: PCI: Using E820 reservations for host bridge windows
2025-01-27T07:24:36.638392+00:00 ip-172-31-27-153 kernel: ACPI: Enabled 2 GPEs in block 00 to 0F
2025-01-27T07:24:36.638393+00:00 ip-172-31-27-153 kernel: ACPI: PCI Root Bridge [PCI0] (domain 0000 [bus 00-ff])
2025-01-27T07:24:36.638393+00:00 ip-172-31-27-153 kernel: acpi PNP0A03:00: _OSC: OS supports [ASPM ClockPM Segments MSI EDR HPX-Type3]
2025-01-27T07:24:36.638394+00:00 ip-172-31-27-153 kernel: acpi PNP0A03:00: _OSC: not requesting OS control; OS requires [ExtendedConfig ASPM ClockPM MSI]
2025-01-27T07:24:36.638395+00:00 ip-172-31-27-153 kernel: acpi PNP0A03:00: fail to add MMCONFIG information, can't access extended configuration space under this bridge
2025-01-27T07:24:36.638399+00:00 ip-172-31-27-153 kernel: acpiphp: Slot [0] registered
2025-01-27T07:24:36.638400+00:00 ip-172-31-27-153 kernel: acpiphp: Slot [3] registered
2025-01-27T07:24:36.638400+00:00 ip-172-31-27-153 kernel: acpiphp: Slot [4] registered
2025-01-27T07:24:36.638401+00:00 ip-172-31-27-153 kernel: acpiphp: Slot [5] registered
2025-01-27T07:24:36.638402+00:00 ip-172-31-27-153 kernel: acpiphp: Slot [6] registered
2025-01-27T07:24:36.638403+00:00 ip-172-31-27-153 kernel: acpiphp: Slot [7] registered
2025-01-27T07:24:36.638406+00:00 ip-172-31-27-153 kernel: acpiphp: Slot [8] registered
2025-01-27T07:24:36.638406+00:00 ip-172-31-27-153 kernel: acpiphp: Slot [9] registered
2025-01-27T07:24:36.638407+00:00 ip-172-31-27-153 kernel: acpiphp: Slot [10] registered
2025-01-27T07:24:36.638408+00:00 ip-172-31-27-153 kernel: acpiphp: Slot [11] registered
2025-01-27T07:24:36.638409+00:00 ip-172-31-27-153 kernel: acpiphp: Slot [12] registered
2025-01-27T07:24:36.638409+00:00 ip-172-31-27-153 kernel: acpiphp: Slot [13] registered
2025-01-27T07:24:36.638412+00:00 ip-172-31-27-153 kernel: acpiphp: Slot [14] registered
2025-01-27T07:24:36.638445+00:00 ip-172-31-27-153 kernel: acpiphp: Slot [15] registered
2025-01-27T07:24:36.638446+00:00 ip-172-31-27-153 kernel: acpiphp: Slot [16] registered
2025-01-27T07:24:36.638447+00:00 ip-172-31-27-153 kernel: acpiphp: Slot [17] registered
2025-01-27T07:24:36.638447+00:00 ip-172-31-27-153 kernel: acpiphp: Slot [18] registered
2025-01-27T07:24:36.638448+00:00 ip-172-31-27-153 kernel: acpiphp: Slot [19] registered
2025-01-27T07:24:36.638449+00:00 ip-172-31-27-153 kernel: acpiphp: Slot [20] registered
2025-01-27T07:24:36.638452+00:00 ip-172-31-27-153 kernel: acpiphp: Slot [21] registered
2025-01-27T07:24:36.638453+00:00 ip-172-31-27-153 kernel: acpiphp: Slot [22] registered
2025-01-27T07:24:36.638454+00:00 ip-172-31-27-153 kernel: acpiphp: Slot [23] registered
2025-01-27T07:24:36.638454+00:00 ip-172-31-27-153 kernel: acpiphp: Slot [24] registered
2025-01-27T07:24:36.638455+00:00 ip-172-31-27-153 kernel: acpiphp: Slot [25] registered
2025-01-27T07:24:36.638456+00:00 ip-172-31-27-153 kernel: acpiphp: Slot [26] registered
2025-01-27T07:24:36.638459+00:00 ip-172-31-27-153 kernel: acpiphp: Slot [27] registered
2025-01-27T07:24:36.638460+00:00 ip-172-31-27-153 kernel: acpiphp: Slot [28] registered
2025-01-27T07:24:36.638460+00:00 ip-172-31-27-153 kernel: acpiphp: Slot [29] registered
2025-01-27T07:24:36.638461+00:00 ip-172-31-27-153 kernel: acpiphp: Slot [30] registered
2025-01-27T07:24:36.638462+00:00 ip-172-31-27-153 kernel: acpiphp: Slot [31] registered
2025-01-27T07:24:36.638463+00:00 ip-172-31-27-153 kernel: PCI host bridge to bus 0000:00
2025-01-27T07:24:36.638466+00:00 ip-172-31-27-153 kernel: pci_bus 0000:00: root bus resource [io  0x0000-0x0cf7 window]
2025-01-27T07:24:36.638467+00:00 ip-172-31-27-153 kernel: pci_bus 0000:00: root bus resource [io  0x0d00-0xffff window]
2025-01-27T07:24:36.638468+00:00 ip-172-31-27-153 kernel: pci_bus 0000:00: root bus resource [mem 0x000a0000-0x000bffff window]
2025-01-27T07:24:36.638469+00:00 ip-172-31-27-153 kernel: pci_bus 0000:00: root bus resource [mem 0x40000000-0xffffffff window]
2025-01-27T07:24:36.638469+00:00 ip-172-31-27-153 kernel: pci_bus 0000:00: root bus resource [bus 00-ff]
2025-01-27T07:24:36.638470+00:00 ip-172-31-27-153 kernel: pci 0000:00:00.0: [8086:1237] type 00 class 0x060000 conventional PCI endpoint
2025-01-27T07:24:36.638471+00:00 ip-172-31-27-153 kernel: pci 0000:00:01.0: [8086:7000] type 00 class 0x060100 conventional PCI endpoint
2025-01-27T07:24:36.638474+00:00 ip-172-31-27-153 kernel: pci 0000:00:01.1: [8086:7010] type 00 class 0x010180 conventional PCI endpoint
2025-01-27T07:24:36.638475+00:00 ip-172-31-27-153 kernel: pci 0000:00:01.1: BAR 4 [io  0xc000-0xc00f]
2025-01-27T07:24:36.638476+00:00 ip-172-31-27-153 kernel: pci 0000:00:01.1: BAR 0 [io  0x01f0-0x01f7]: legacy IDE quirk
2025-01-27T07:24:36.638477+00:00 ip-172-31-27-153 kernel: pci 0000:00:01.1: BAR 1 [io  0x03f6]: legacy IDE quirk
2025-01-27T07:24:36.638477+00:00 ip-172-31-27-153 kernel: pci 0000:00:01.1: BAR 2 [io  0x0170-0x0177]: legacy IDE quirk
2025-01-27T07:24:36.638478+00:00 ip-172-31-27-153 kernel: pci 0000:00:01.1: BAR 3 [io  0x0376]: legacy IDE quirk
2025-01-27T07:24:36.638481+00:00 ip-172-31-27-153 kernel: * Found PM-Timer Bug on the chipset. Due to workarounds for a bug,
2025-01-27T07:24:36.638482+00:00 ip-172-31-27-153 kernel: * this clock source is slow. Consider trying other clock sources
2025-01-27T07:24:36.638483+00:00 ip-172-31-27-153 kernel: pci 0000:00:01.3: [8086:7113] type 00 class 0x068000 conventional PCI endpoint
2025-01-27T07:24:36.638484+00:00 ip-172-31-27-153 kernel: pci 0000:00:01.3: quirk: [io  0xb000-0xb03f] claimed by PIIX4 ACPI
2025-01-27T07:24:36.638485+00:00 ip-172-31-27-153 kernel: pci 0000:00:02.0: [1013:00b8] type 00 class 0x030000 conventional PCI endpoint
2025-01-27T07:24:36.638485+00:00 ip-172-31-27-153 kernel: pci 0000:00:02.0: BAR 0 [mem 0xf8000000-0xf9ffffff pref]
2025-01-27T07:24:36.638486+00:00 ip-172-31-27-153 kernel: pci 0000:00:02.0: BAR 1 [mem 0xfbfff000-0xfbffffff]
2025-01-27T07:24:36.638489+00:00 ip-172-31-27-153 kernel: pci 0000:00:02.0: Video device with shadowed ROM at [mem 0x000c0000-0x000dffff]
2025-01-27T07:24:36.638490+00:00 ip-172-31-27-153 kernel: pci 0000:00:03.0: [5853:0001] type 00 class 0xff8000 conventional PCI endpoint
2025-01-27T07:24:36.638491+00:00 ip-172-31-27-153 kernel: pci 0000:00:03.0: BAR 0 [io  0xc100-0xc1ff]
2025-01-27T07:24:36.638492+00:00 ip-172-31-27-153 kernel: pci 0000:00:03.0: BAR 1 [mem 0xfa000000-0xfaffffff pref]
2025-01-27T07:24:36.638492+00:00 ip-172-31-27-153 kernel: ACPI: PCI: Interrupt link LNKA configured for IRQ 5
2025-01-27T07:24:36.638493+00:00 ip-172-31-27-153 kernel: ACPI: PCI: Interrupt link LNKB configured for IRQ 10
2025-01-27T07:24:36.638496+00:00 ip-172-31-27-153 kernel: ACPI: PCI: Interrupt link LNKC configured for IRQ 11
2025-01-27T07:24:36.638497+00:00 ip-172-31-27-153 kernel: ACPI: PCI: Interrupt link LNKD configured for IRQ 5
2025-01-27T07:24:36.638498+00:00 ip-172-31-27-153 kernel: xen:balloon: Initialising balloon driver
2025-01-27T07:24:36.638499+00:00 ip-172-31-27-153 kernel: iommu: Default domain type: Translated
2025-01-27T07:24:36.638499+00:00 ip-172-31-27-153 kernel: iommu: DMA domain TLB invalidation policy: lazy mode
2025-01-27T07:24:36.638500+00:00 ip-172-31-27-153 kernel: SCSI subsystem initialized
2025-01-27T07:24:36.638503+00:00 ip-172-31-27-153 kernel: libata version 3.00 loaded.
2025-01-27T07:24:36.638504+00:00 ip-172-31-27-153 kernel: ACPI: bus type USB registered
2025-01-27T07:24:36.638505+00:00 ip-172-31-27-153 kernel: usbcore: registered new interface driver usbfs
2025-01-27T07:24:36.638505+00:00 ip-172-31-27-153 kernel: usbcore: registered new interface driver hub
2025-01-27T07:24:36.638506+00:00 ip-172-31-27-153 kernel: usbcore: registered new device driver usb
2025-01-27T07:24:36.638507+00:00 ip-172-31-27-153 kernel: pps_core: LinuxPPS API ver. 1 registered
2025-01-27T07:24:36.638508+00:00 ip-172-31-27-153 kernel: pps_core: Software ver. 5.3.6 - Copyright 2005-2007 Rodolfo Giometti <giometti@linux.it>
2025-01-27T07:24:36.638511+00:00 ip-172-31-27-153 kernel: PTP clock support registered
2025-01-27T07:24:36.638511+00:00 ip-172-31-27-153 kernel: EDAC MC: Ver: 3.0.0
2025-01-27T07:24:36.638512+00:00 ip-172-31-27-153 kernel: NetLabel: Initializing
2025-01-27T07:24:36.638513+00:00 ip-172-31-27-153 kernel: NetLabel:  domain hash size = 128
2025-01-27T07:24:36.638514+00:00 ip-172-31-27-153 kernel: NetLabel:  protocols = UNLABELED CIPSOv4 CALIPSO
2025-01-27T07:24:36.638514+00:00 ip-172-31-27-153 kernel: NetLabel:  unlabeled traffic allowed by default
2025-01-27T07:24:36.638517+00:00 ip-172-31-27-153 kernel: mctp: management component transport protocol core
2025-01-27T07:24:36.638518+00:00 ip-172-31-27-153 kernel: NET: Registered PF_MCTP protocol family
2025-01-27T07:24:36.638519+00:00 ip-172-31-27-153 kernel: PCI: Using ACPI for IRQ routing
2025-01-27T07:24:36.638520+00:00 ip-172-31-27-153 kernel: PCI: pci_cache_line_size set to 64 bytes
2025-01-27T07:24:36.638520+00:00 ip-172-31-27-153 kernel: e820: reserve RAM buffer [mem 0x0009e000-0x0009ffff]
2025-01-27T07:24:36.638521+00:00 ip-172-31-27-153 kernel: pci 0000:00:02.0: vgaarb: setting as boot VGA device
2025-01-27T07:24:36.638522+00:00 ip-172-31-27-153 kernel: pci 0000:00:02.0: vgaarb: bridge control possible
2025-01-27T07:24:36.638525+00:00 ip-172-31-27-153 kernel: pci 0000:00:02.0: vgaarb: VGA device added: decodes=io+mem,owns=io+mem,locks=none
2025-01-27T07:24:36.638526+00:00 ip-172-31-27-153 kernel: vgaarb: loaded
2025-01-27T07:24:36.638527+00:00 ip-172-31-27-153 kernel: hpet: 3 channels of 0 reserved for per-cpu timers
2025-01-27T07:24:36.638527+00:00 ip-172-31-27-153 kernel: hpet0: at MMIO 0xfed00000, IRQs 2, 8, 0
2025-01-27T07:24:36.638528+00:00 ip-172-31-27-153 kernel: hpet0: 3 comparators, 64-bit 62.500000 MHz counter
2025-01-27T07:24:36.638529+00:00 ip-172-31-27-153 kernel: clocksource: Switched to clocksource xen
2025-01-27T07:24:36.638532+00:00 ip-172-31-27-153 kernel: VFS: Disk quotas dquot_6.6.0
2025-01-27T07:24:36.638533+00:00 ip-172-31-27-153 kernel: VFS: Dquot-cache hash table entries: 512 (order 0, 4096 bytes)
2025-01-27T07:24:36.638533+00:00 ip-172-31-27-153 kernel: AppArmor: AppArmor Filesystem Enabled
2025-01-27T07:24:36.638534+00:00 ip-172-31-27-153 kernel: pnp: PnP ACPI init
2025-01-27T07:24:36.638535+00:00 ip-172-31-27-153 kernel: system 00:00: [mem 0x00000000-0x0009ffff] could not be reserved
2025-01-27T07:24:36.638536+00:00 ip-172-31-27-153 kernel: system 00:01: [io  0x08a0-0x08a3] has been reserved
2025-01-27T07:24:36.638540+00:00 ip-172-31-27-153 kernel: system 00:01: [io  0x0cc0-0x0ccf] has been reserved
2025-01-27T07:24:36.638540+00:00 ip-172-31-27-153 kernel: system 00:01: [io  0x04d0-0x04d1] has been reserved
2025-01-27T07:24:36.638541+00:00 ip-172-31-27-153 kernel: xen: --> pirq=17 -> irq=8 (gsi=8)
2025-01-27T07:24:36.638542+00:00 ip-172-31-27-153 kernel: xen: --> pirq=18 -> irq=12 (gsi=12)
2025-01-27T07:24:36.638543+00:00 ip-172-31-27-153 kernel: xen: --> pirq=19 -> irq=1 (gsi=1)
2025-01-27T07:24:36.638543+00:00 ip-172-31-27-153 kernel: xen: --> pirq=20 -> irq=6 (gsi=6)
2025-01-27T07:24:36.638544+00:00 ip-172-31-27-153 kernel: pnp 00:05: [dma 2]
2025-01-27T07:24:36.638548+00:00 ip-172-31-27-153 kernel: xen: --> pirq=21 -> irq=4 (gsi=4)
2025-01-27T07:24:36.638548+00:00 ip-172-31-27-153 kernel: system 00:07: [io  0x10c0-0x1141] has been reserved
2025-01-27T07:24:36.638549+00:00 ip-172-31-27-153 kernel: system 00:07: [io  0xb044-0xb047] has been reserved
2025-01-27T07:24:36.638550+00:00 ip-172-31-27-153 kernel: pnp: PnP ACPI: found 8 devices
2025-01-27T07:24:36.638551+00:00 ip-172-31-27-153 kernel: clocksource: acpi_pm: mask: 0xffffff max_cycles: 0xffffff, max_idle_ns: 2085701024 ns
2025-01-27T07:24:36.638551+00:00 ip-172-31-27-153 kernel: NET: Registered PF_INET protocol family
2025-01-27T07:24:36.638554+00:00 ip-172-31-27-153 kernel: IP idents hash table entries: 16384 (order: 5, 131072 bytes, linear)
2025-01-27T07:24:36.638555+00:00 ip-172-31-27-153 kernel: tcp_listen_portaddr_hash hash table entries: 512 (order: 1, 8192 bytes, linear)
2025-01-27T07:24:36.638556+00:00 ip-172-31-27-153 kernel: Table-perturb hash table entries: 65536 (order: 6, 262144 bytes, linear)
2025-01-27T07:24:36.638557+00:00 ip-172-31-27-153 kernel: TCP established hash table entries: 8192 (order: 4, 65536 bytes, linear)
2025-01-27T07:24:36.638557+00:00 ip-172-31-27-153 kernel: TCP bind hash table entries: 8192 (order: 6, 262144 bytes, linear)
2025-01-27T07:24:36.638558+00:00 ip-172-31-27-153 kernel: TCP: Hash tables configured (established 8192 bind 8192)
2025-01-27T07:24:36.638559+00:00 ip-172-31-27-153 kernel: MPTCP token hash table entries: 1024 (order: 2, 24576 bytes, linear)
2025-01-27T07:24:36.638562+00:00 ip-172-31-27-153 kernel: UDP hash table entries: 512 (order: 2, 16384 bytes, linear)
2025-01-27T07:24:36.638563+00:00 ip-172-31-27-153 kernel: UDP-Lite hash table entries: 512 (order: 2, 16384 bytes, linear)
2025-01-27T07:24:36.638564+00:00 ip-172-31-27-153 kernel: NET: Registered PF_UNIX/PF_LOCAL protocol family
2025-01-27T07:24:36.638565+00:00 ip-172-31-27-153 kernel: NET: Registered PF_XDP protocol family
2025-01-27T07:24:36.638565+00:00 ip-172-31-27-153 kernel: pci_bus 0000:00: resource 4 [io  0x0000-0x0cf7 window]
2025-01-27T07:24:36.638566+00:00 ip-172-31-27-153 kernel: pci_bus 0000:00: resource 5 [io  0x0d00-0xffff window]
2025-01-27T07:24:36.638569+00:00 ip-172-31-27-153 kernel: pci_bus 0000:00: resource 6 [mem 0x000a0000-0x000bffff window]
2025-01-27T07:24:36.638570+00:00 ip-172-31-27-153 kernel: pci_bus 0000:00: resource 7 [mem 0x40000000-0xffffffff window]
2025-01-27T07:24:36.638571+00:00 ip-172-31-27-153 kernel: pci 0000:00:01.0: PIIX3: Enabling Passive Release
2025-01-27T07:24:36.638571+00:00 ip-172-31-27-153 kernel: pci 0000:00:00.0: Limiting direct PCI/PCI transfers
2025-01-27T07:24:36.638572+00:00 ip-172-31-27-153 kernel: PCI: CLS 0 bytes, default 64
2025-01-27T07:24:36.638573+00:00 ip-172-31-27-153 kernel: Trying to unpack rootfs image as initramfs...
2025-01-27T07:24:36.638576+00:00 ip-172-31-27-153 kernel: clocksource: tsc: mask: 0xffffffffffffffff max_cycles: 0x212733415c7, max_idle_ns: 440795236380 ns
2025-01-27T07:24:36.638577+00:00 ip-172-31-27-153 kernel: Initialise system trusted keyrings
2025-01-27T07:24:36.638578+00:00 ip-172-31-27-153 kernel: Freeing initrd memory: 7868K
2025-01-27T07:24:36.638580+00:00 ip-172-31-27-153 kernel: Key type blacklist registered
2025-01-27T07:24:36.638581+00:00 ip-172-31-27-153 kernel: workingset: timestamp_bits=36 max_order=18 bucket_order=0
2025-01-27T07:24:36.638582+00:00 ip-172-31-27-153 kernel: zbud: loaded
2025-01-27T07:24:36.638582+00:00 ip-172-31-27-153 kernel: squashfs: version 4.0 (2009/01/31) Phillip Lougher
2025-01-27T07:24:36.638586+00:00 ip-172-31-27-153 kernel: fuse: init (API version 7.39)
2025-01-27T07:24:36.638617+00:00 ip-172-31-27-153 kernel: integrity: Platform Keyring initialized
2025-01-27T07:24:36.638618+00:00 ip-172-31-27-153 kernel: integrity: Machine keyring initialized
2025-01-27T07:24:36.638619+00:00 ip-172-31-27-153 kernel: Key type asymmetric registered
2025-01-27T07:24:36.638619+00:00 ip-172-31-27-153 kernel: Asymmetric key parser 'x509' registered
2025-01-27T07:24:36.638620+00:00 ip-172-31-27-153 kernel: Block layer SCSI generic (bsg) driver version 0.4 loaded (major 243)
2025-01-27T07:24:36.638623+00:00 ip-172-31-27-153 kernel: io scheduler mq-deadline registered
2025-01-27T07:24:36.638624+00:00 ip-172-31-27-153 kernel: shpchp: Standard Hot Plug PCI Controller Driver version: 0.4
2025-01-27T07:24:36.638625+00:00 ip-172-31-27-153 kernel: input: Power Button as /devices/LNXSYSTM:00/LNXPWRBN:00/input/input0
2025-01-27T07:24:36.638625+00:00 ip-172-31-27-153 kernel: ACPI: button: Power Button [PWRF]
2025-01-27T07:24:36.638626+00:00 ip-172-31-27-153 kernel: input: Sleep Button as /devices/LNXSYSTM:00/LNXSLPBN:00/input/input1
2025-01-27T07:24:36.638627+00:00 ip-172-31-27-153 kernel: ACPI: button: Sleep Button [SLPF]
2025-01-27T07:24:36.638628+00:00 ip-172-31-27-153 kernel: xen: --> pirq=22 -> irq=28 (gsi=28)
2025-01-27T07:24:36.638631+00:00 ip-172-31-27-153 kernel: xen:grant_table: Grant tables using version 1 layout
2025-01-27T07:24:36.638631+00:00 ip-172-31-27-153 kernel: Grant table initialized
2025-01-27T07:24:36.638632+00:00 ip-172-31-27-153 kernel: Cannot get hvm parameter CONSOLE_EVTCHN (18): -22!
2025-01-27T07:24:36.638633+00:00 ip-172-31-27-153 kernel: Serial: 8250/16550 driver, 4 ports, IRQ sharing enabled
2025-01-27T07:24:36.638634+00:00 ip-172-31-27-153 kernel: 00:06: ttyS0 at I/O 0x3f8 (irq = 4, base_baud = 115200) is a 16550A
2025-01-27T07:24:36.638634+00:00 ip-172-31-27-153 kernel: Linux agpgart interface v0.103
2025-01-27T07:24:36.638637+00:00 ip-172-31-27-153 kernel: loop: module loaded
2025-01-27T07:24:36.638638+00:00 ip-172-31-27-153 kernel: Invalid max_queues (4), will use default max: 1.
2025-01-27T07:24:36.638639+00:00 ip-172-31-27-153 kernel: blkfront: xvda: barrier or flush: disabled; persistent grants: disabled; indirect descriptors: enabled; bounce buffer: disabled;
2025-01-27T07:24:36.638640+00:00 ip-172-31-27-153 kernel: ata_piix 0000:00:01.1: version 2.13
2025-01-27T07:24:36.638641+00:00 ip-172-31-27-153 kernel: scsi host0: ata_piix
2025-01-27T07:24:36.638641+00:00 ip-172-31-27-153 kernel: scsi host1: ata_piix
2025-01-27T07:24:36.638644+00:00 ip-172-31-27-153 kernel: ata1: PATA max MWDMA2 cmd 0x1f0 ctl 0x3f6 bmdma 0xc000 irq 14 lpm-pol 0
2025-01-27T07:24:36.638645+00:00 ip-172-31-27-153 kernel: ata2: PATA max MWDMA2 cmd 0x170 ctl 0x376 bmdma 0xc008 irq 15 lpm-pol 0
2025-01-27T07:24:36.638646+00:00 ip-172-31-27-153 kernel: ACPI: bus type drm_connector registered
2025-01-27T07:24:36.638647+00:00 ip-172-31-27-153 kernel: tun: Universal TUN/TAP device driver, 1.6
2025-01-27T07:24:36.638647+00:00 ip-172-31-27-153 kernel: PPP generic driver version 2.4.2
2025-01-27T07:24:36.638648+00:00 ip-172-31-27-153 kernel: xen_netfront: Initialising Xen virtual ethernet driver
2025-01-27T07:24:36.638649+00:00 ip-172-31-27-153 kernel: i8042: PNP: PS/2 Controller [PNP0303:PS2K,PNP0f13:PS2M] at 0x60,0x64 irq 1,12
2025-01-27T07:24:36.638652+00:00 ip-172-31-27-153 kernel: i8042: Warning: Keylock active
2025-01-27T07:24:36.638653+00:00 ip-172-31-27-153 kernel: serio: i8042 KBD port at 0x60,0x64 irq 1
2025-01-27T07:24:36.638654+00:00 ip-172-31-27-153 kernel: serio: i8042 AUX port at 0x60,0x64 irq 12
2025-01-27T07:24:36.638654+00:00 ip-172-31-27-153 kernel: mousedev: PS/2 mouse device common for all mice
2025-01-27T07:24:36.638655+00:00 ip-172-31-27-153 kernel:  xvda: xvda1 xvda14 xvda15 xvda16
2025-01-27T07:24:36.638656+00:00 ip-172-31-27-153 kernel: rtc_cmos 00:02: registered as rtc0
2025-01-27T07:24:36.638659+00:00 ip-172-31-27-153 kernel: rtc_cmos 00:02: setting system clock to 2025-01-27T07:24:21 UTC (1737962661)
2025-01-27T07:24:36.638660+00:00 ip-172-31-27-153 kernel: rtc_cmos 00:02: alarms up to one day, 114 bytes nvram, hpet irqs
2025-01-27T07:24:36.638660+00:00 ip-172-31-27-153 kernel: i2c_dev: i2c /dev entries driver
2025-01-27T07:24:36.638661+00:00 ip-172-31-27-153 kernel: device-mapper: core: CONFIG_IMA_DISABLE_HTABLE is disabled. Duplicate IMA measurements will not be recorded in the IMA log.
2025-01-27T07:24:36.638662+00:00 ip-172-31-27-153 kernel: device-mapper: uevent: version 1.0.3
2025-01-27T07:24:36.638663+00:00 ip-172-31-27-153 kernel: device-mapper: ioctl: 4.48.0-ioctl (2023-03-01) initialised: dm-devel@redhat.com
2025-01-27T07:24:36.638666+00:00 ip-172-31-27-153 kernel: platform eisa.0: Probing EISA bus 0
2025-01-27T07:24:36.638667+00:00 ip-172-31-27-153 kernel: platform eisa.0: EISA: Cannot allocate resource for mainboard
2025-01-27T07:24:36.638668+00:00 ip-172-31-27-153 kernel: platform eisa.0: Cannot allocate resource for EISA slot 1
2025-01-27T07:24:36.638668+00:00 ip-172-31-27-153 kernel: platform eisa.0: Cannot allocate resource for EISA slot 2
2025-01-27T07:24:36.638669+00:00 ip-172-31-27-153 kernel: platform eisa.0: Cannot allocate resource for EISA slot 3
2025-01-27T07:24:36.638670+00:00 ip-172-31-27-153 kernel: platform eisa.0: Cannot allocate resource for EISA slot 4
2025-01-27T07:24:36.638670+00:00 ip-172-31-27-153 kernel: platform eisa.0: Cannot allocate resource for EISA slot 5
2025-01-27T07:24:36.638675+00:00 ip-172-31-27-153 kernel: platform eisa.0: Cannot allocate resource for EISA slot 6
2025-01-27T07:24:36.638675+00:00 ip-172-31-27-153 kernel: platform eisa.0: Cannot allocate resource for EISA slot 7
2025-01-27T07:24:36.638676+00:00 ip-172-31-27-153 kernel: platform eisa.0: Cannot allocate resource for EISA slot 8
2025-01-27T07:24:36.638677+00:00 ip-172-31-27-153 kernel: platform eisa.0: EISA: Detected 0 cards
2025-01-27T07:24:36.638678+00:00 ip-172-31-27-153 kernel: intel_pstate: CPU model not supported
2025-01-27T07:24:36.638678+00:00 ip-172-31-27-153 kernel: ledtrig-cpu: registered to indicate activity on CPUs
2025-01-27T07:24:36.638682+00:00 ip-172-31-27-153 kernel: drop_monitor: Initializing network drop monitor service
2025-01-27T07:24:36.638682+00:00 ip-172-31-27-153 kernel: NET: Registered PF_INET6 protocol family
2025-01-27T07:24:36.638683+00:00 ip-172-31-27-153 kernel: Segment Routing with IPv6
2025-01-27T07:24:36.638684+00:00 ip-172-31-27-153 kernel: In-situ OAM (IOAM) with IPv6
2025-01-27T07:24:36.638685+00:00 ip-172-31-27-153 kernel: NET: Registered PF_PACKET protocol family
2025-01-27T07:24:36.638685+00:00 ip-172-31-27-153 kernel: Key type dns_resolver registered
2025-01-27T07:24:36.638689+00:00 ip-172-31-27-153 kernel: No MBM correction factor available
2025-01-27T07:24:36.638690+00:00 ip-172-31-27-153 kernel: IPI shorthand broadcast: enabled
2025-01-27T07:24:36.638690+00:00 ip-172-31-27-153 kernel: sched_clock: Marking stable (622003393, 242749381)->(957159675, -92406901)
2025-01-27T07:24:36.638691+00:00 ip-172-31-27-153 kernel: registered taskstats version 1
2025-01-27T07:24:36.638692+00:00 ip-172-31-27-153 kernel: Loading compiled-in X.509 certificates
2025-01-27T07:24:36.638693+00:00 ip-172-31-27-153 kernel: Loaded X.509 cert 'Build time autogenerated kernel key: a4c3ef85b2401ac78c31d0113e76c9ea2f5229d2'
2025-01-27T07:24:36.638693+00:00 ip-172-31-27-153 kernel: Loaded X.509 cert 'Canonical Ltd. Live Patch Signing: 14df34d1a87cf37625abec039ef2bf521249b969'
2025-01-27T07:24:36.638697+00:00 ip-172-31-27-153 kernel: Loaded X.509 cert 'Canonical Ltd. Kernel Module Signing: 88f752e560a1e0737e31163a466ad7b70a850c19'
2025-01-27T07:24:36.638697+00:00 ip-172-31-27-153 kernel: blacklist: Loading compiled-in revocation X.509 certificates
2025-01-27T07:24:36.638698+00:00 ip-172-31-27-153 kernel: Loaded X.509 cert 'Canonical Ltd. Secure Boot Signing: 61482aa2830d0ab2ad5af10b7250da9033ddcef0'
2025-01-27T07:24:36.638699+00:00 ip-172-31-27-153 kernel: Loaded X.509 cert 'Canonical Ltd. Secure Boot Signing (2017): 242ade75ac4a15e50d50c84b0d45ff3eae707a03'
2025-01-27T07:24:36.638700+00:00 ip-172-31-27-153 kernel: Loaded X.509 cert 'Canonical Ltd. Secure Boot Signing (ESM 2018): 365188c1d374d6b07c3c8f240f8ef722433d6a8b'
2025-01-27T07:24:36.638700+00:00 ip-172-31-27-153 kernel: Loaded X.509 cert 'Canonical Ltd. Secure Boot Signing (2019): c0746fd6c5da3ae827864651ad66ae47fe24b3e8'
2025-01-27T07:24:36.638704+00:00 ip-172-31-27-153 kernel: Loaded X.509 cert 'Canonical Ltd. Secure Boot Signing (2021 v1): a8d54bbb3825cfb94fa13c9f8a594a195c107b8d'
2025-01-27T07:24:36.638705+00:00 ip-172-31-27-153 kernel: Loaded X.509 cert 'Canonical Ltd. Secure Boot Signing (2021 v2): 4cf046892d6fd3c9a5b03f98d845f90851dc6a8c'
2025-01-27T07:24:36.638705+00:00 ip-172-31-27-153 kernel: Loaded X.509 cert 'Canonical Ltd. Secure Boot Signing (2021 v3): 100437bb6de6e469b581e61cd66bce3ef4ed53af'
2025-01-27T07:24:36.638706+00:00 ip-172-31-27-153 kernel: Loaded X.509 cert 'Canonical Ltd. Secure Boot Signing (Ubuntu Core 2019): c1d57b8f6b743f23ee41f4f7ee292f06eecadfb9'
2025-01-27T07:24:36.638725+00:00 ip-172-31-27-153 kernel: Key type .fscrypt registered
2025-01-27T07:24:36.638728+00:00 ip-172-31-27-153 kernel: Key type fscrypt-provisioning registered
2025-01-27T07:24:36.638729+00:00 ip-172-31-27-153 kernel: Key type encrypted registered
2025-01-27T07:24:36.638730+00:00 ip-172-31-27-153 kernel: AppArmor: AppArmor sha256 policy hashing enabled
2025-01-27T07:24:36.638731+00:00 ip-172-31-27-153 kernel: ima: No TPM chip found, activating TPM-bypass!
2025-01-27T07:24:36.638731+00:00 ip-172-31-27-153 kernel: Loading compiled-in module X.509 certificates
2025-01-27T07:24:36.638732+00:00 ip-172-31-27-153 kernel: Loaded X.509 cert 'Build time autogenerated kernel key: a4c3ef85b2401ac78c31d0113e76c9ea2f5229d2'
2025-01-27T07:24:36.638733+00:00 ip-172-31-27-153 kernel: ima: Allocated hash algorithm: sha256
2025-01-27T07:24:36.638736+00:00 ip-172-31-27-153 kernel: ima: No architecture policies found
2025-01-27T07:24:36.638737+00:00 ip-172-31-27-153 kernel: evm: Initialising EVM extended attributes:
2025-01-27T07:24:36.638738+00:00 ip-172-31-27-153 kernel: evm: security.selinux
2025-01-27T07:24:36.638738+00:00 ip-172-31-27-153 kernel: evm: security.SMACK64
2025-01-27T07:24:36.638739+00:00 ip-172-31-27-153 kernel: evm: security.SMACK64EXEC
2025-01-27T07:24:36.638740+00:00 ip-172-31-27-153 kernel: evm: security.SMACK64TRANSMUTE
2025-01-27T07:24:36.638743+00:00 ip-172-31-27-153 kernel: evm: security.SMACK64MMAP
2025-01-27T07:24:36.638744+00:00 ip-172-31-27-153 kernel: evm: security.apparmor
2025-01-27T07:24:36.638745+00:00 ip-172-31-27-153 kernel: evm: security.ima
2025-01-27T07:24:36.638745+00:00 ip-172-31-27-153 kernel: evm: security.capability
2025-01-27T07:24:36.638746+00:00 ip-172-31-27-153 kernel: evm: HMAC attrs: 0x1
2025-01-27T07:24:36.638747+00:00 ip-172-31-27-153 kernel: PM:   Magic number: 9:114:421
2025-01-27T07:24:36.638750+00:00 ip-172-31-27-153 kernel: RAS: Correctable Errors collector initialized.
2025-01-27T07:24:36.638751+00:00 ip-172-31-27-153 kernel: clk: Disabling unused clocks
2025-01-27T07:24:36.638751+00:00 ip-172-31-27-153 kernel: input: AT Translated Set 2 keyboard as /devices/platform/i8042/serio0/input/input2
2025-01-27T07:24:36.638752+00:00 ip-172-31-27-153 kernel: md: Waiting for all devices to be available before autodetect
2025-01-27T07:24:36.638753+00:00 ip-172-31-27-153 kernel: md: If you don't use raid, use raid=noautodetect
2025-01-27T07:24:36.638754+00:00 ip-172-31-27-153 kernel: md: Autodetecting RAID arrays.
2025-01-27T07:24:36.638754+00:00 ip-172-31-27-153 kernel: md: autorun ...
2025-01-27T07:24:36.638757+00:00 ip-172-31-27-153 kernel: md: ... autorun DONE.
2025-01-27T07:24:36.638758+00:00 ip-172-31-27-153 kernel: EXT4-fs (xvda1): mounted filesystem 104656f3-cbcd-4c1a-bbe2-5bb510be86c0 ro with ordered data mode. Quota mode: none.
2025-01-27T07:24:36.638759+00:00 ip-172-31-27-153 kernel: VFS: Mounted root (ext4 filesystem) readonly on device 202:1.
2025-01-27T07:24:36.638760+00:00 ip-172-31-27-153 kernel: devtmpfs: mounted
2025-01-27T07:24:36.638760+00:00 ip-172-31-27-153 kernel: Freeing unused decrypted memory: 2028K
2025-01-27T07:24:36.638761+00:00 ip-172-31-27-153 kernel: Freeing unused kernel image (initmem) memory: 5088K
2025-01-27T07:24:36.638764+00:00 ip-172-31-27-153 kernel: Write protecting the kernel read-only data: 36864k
2025-01-27T07:24:36.638765+00:00 ip-172-31-27-153 kernel: Freeing unused kernel image (rodata/data gap) memory: 360K
2025-01-27T07:24:36.638766+00:00 ip-172-31-27-153 kernel: x86/mm: Checked W+X mappings: passed, no W+X pages found.
2025-01-27T07:24:36.638950+00:00 ip-172-31-27-153 kernel: x86/mm: Checking user space page tables
2025-01-27T07:24:36.638951+00:00 ip-172-31-27-153 kernel: x86/mm: Checked W+X mappings: passed, no W+X pages found.
2025-01-27T07:24:36.638952+00:00 ip-172-31-27-153 kernel: Run /sbin/init as init process
2025-01-27T07:24:36.638956+00:00 ip-172-31-27-153 kernel:   with arguments:
2025-01-27T07:24:36.638956+00:00 ip-172-31-27-153 kernel:     /sbin/init
2025-01-27T07:24:36.638957+00:00 ip-172-31-27-153 kernel:   with environment:
2025-01-27T07:24:36.638958+00:00 ip-172-31-27-153 kernel:     HOME=/
2025-01-27T07:24:36.638959+00:00 ip-172-31-27-153 kernel:     TERM=linux
2025-01-27T07:24:36.638959+00:00 ip-172-31-27-153 kernel:     BOOT_IMAGE=/vmlinuz-6.8.0-1021-aws
2025-01-27T07:24:36.638960+00:00 ip-172-31-27-153 kernel: systemd[1]: Inserted module 'autofs4'
2025-01-27T07:24:36.638963+00:00 ip-172-31-27-153 kernel: systemd[1]: systemd 255.4-1ubuntu8.4 running in system mode (+PAM +AUDIT +SELINUX +APPARMOR +IMA +SMACK +SECCOMP +GCRYPT -GNUTLS +OPENSSL +ACL +BLKID +CURL +ELFUTILS +FIDO2 +IDN2 -IDN +IPTC +KMOD +LIBCRYPTSETUP +LIBFDISK +PCRE2 -PWQUALITY +P11KIT +QRENCODE +TPM2 +BZIP2 +LZ4 +XZ +ZLIB +ZSTD -BPF_FRAMEWORK -XKBCOMMON +UTMP +SYSVINIT default-hierarchy=unified)
2025-01-27T07:24:36.638964+00:00 ip-172-31-27-153 kernel: systemd[1]: Detected virtualization xen.
2025-01-27T07:24:36.638965+00:00 ip-172-31-27-153 kernel: systemd[1]: Detected architecture x86-64.
2025-01-27T07:24:36.638966+00:00 ip-172-31-27-153 kernel: systemd[1]: Hostname set to <ubuntu>.
2025-01-27T07:24:36.638967+00:00 ip-172-31-27-153 kernel: systemd[1]: Initializing machine ID from VM UUID.
2025-01-27T07:24:36.638967+00:00 ip-172-31-27-153 kernel: systemd[1]: Installed transient /etc/machine-id file.
2025-01-27T07:24:36.638970+00:00 ip-172-31-27-153 kernel: systemd[1]: Queued start job for default target graphical.target.
2025-01-27T07:24:36.638971+00:00 ip-172-31-27-153 kernel: systemd[1]: Created slice system-modprobe.slice - Slice /system/modprobe.
2025-01-27T07:24:36.638972+00:00 ip-172-31-27-153 kernel: systemd[1]: Created slice system-serial\x2dgetty.slice - Slice /system/serial-getty.
2025-01-27T07:24:36.638973+00:00 ip-172-31-27-153 kernel: systemd[1]: Created slice system-systemd\x2dfsck.slice - Slice /system/systemd-fsck.
2025-01-27T07:24:36.638974+00:00 ip-172-31-27-153 kernel: systemd[1]: Created slice user.slice - User and Session Slice.
2025-01-27T07:24:36.638974+00:00 ip-172-31-27-153 kernel: systemd[1]: Started systemd-ask-password-wall.path - Forward Password Requests to Wall Directory Watch.
2025-01-27T07:24:36.638978+00:00 ip-172-31-27-153 kernel: systemd[1]: Set up automount proc-sys-fs-binfmt_misc.automount - Arbitrary Executable File Formats File System Automount Point.
2025-01-27T07:24:36.638978+00:00 ip-172-31-27-153 kernel: systemd[1]: Expecting device dev-disk-by\x2dlabel-BOOT.device - /dev/disk/by-label/BOOT...
2025-01-27T07:24:36.638979+00:00 ip-172-31-27-153 kernel: systemd[1]: Expecting device dev-disk-by\x2dlabel-UEFI.device - /dev/disk/by-label/UEFI...
2025-01-27T07:24:36.638980+00:00 ip-172-31-27-153 kernel: systemd[1]: Expecting device dev-ttyS0.device - /dev/ttyS0...
2025-01-27T07:24:36.638981+00:00 ip-172-31-27-153 kernel: systemd[1]: Reached target integritysetup.target - Local Integrity Protected Volumes.
2025-01-27T07:24:36.638981+00:00 ip-172-31-27-153 kernel: systemd[1]: Reached target slices.target - Slice Units.
2025-01-27T07:24:36.638986+00:00 ip-172-31-27-153 kernel: systemd[1]: Reached target snapd.mounts-pre.target - Mounting snaps.
2025-01-27T07:24:36.638986+00:00 ip-172-31-27-153 kernel: systemd[1]: Reached target swap.target - Swaps.
2025-01-27T07:24:36.638987+00:00 ip-172-31-27-153 kernel: systemd[1]: Reached target time-set.target - System Time Set.
2025-01-27T07:24:36.638988+00:00 ip-172-31-27-153 kernel: systemd[1]: Reached target veritysetup.target - Local Verity Protected Volumes.
2025-01-27T07:24:36.638989+00:00 ip-172-31-27-153 kernel: systemd[1]: Listening on dm-event.socket - Device-mapper event daemon FIFOs.
2025-01-27T07:24:36.638989+00:00 ip-172-31-27-153 kernel: systemd[1]: Listening on lvm2-lvmpolld.socket - LVM2 poll daemon socket.
2025-01-27T07:24:36.638992+00:00 ip-172-31-27-153 kernel: systemd[1]: Listening on multipathd.socket - multipathd control socket.
2025-01-27T07:24:36.638993+00:00 ip-172-31-27-153 kernel: systemd[1]: Listening on syslog.socket - Syslog Socket.
2025-01-27T07:24:36.638994+00:00 ip-172-31-27-153 kernel: systemd[1]: Listening on systemd-fsckd.socket - fsck to fsckd communication Socket.
2025-01-27T07:24:36.638995+00:00 ip-172-31-27-153 kernel: systemd[1]: Listening on systemd-initctl.socket - initctl Compatibility Named Pipe.
2025-01-27T07:24:36.638995+00:00 ip-172-31-27-153 kernel: systemd[1]: Listening on systemd-journald-dev-log.socket - Journal Socket (/dev/log).
2025-01-27T07:24:36.638996+00:00 ip-172-31-27-153 kernel: systemd[1]: Listening on systemd-journald.socket - Journal Socket.
2025-01-27T07:24:36.638997+00:00 ip-172-31-27-153 kernel: systemd[1]: Listening on systemd-networkd.socket - Network Service Netlink Socket.
2025-01-27T07:24:36.639000+00:00 ip-172-31-27-153 kernel: systemd[1]: systemd-pcrextend.socket - TPM2 PCR Extension (Varlink) was skipped because of an unmet condition check (ConditionSecurity=measured-uki).
2025-01-27T07:24:36.639001+00:00 ip-172-31-27-153 kernel: systemd[1]: Listening on systemd-udevd-control.socket - udev Control Socket.
2025-01-27T07:24:36.639002+00:00 ip-172-31-27-153 kernel: systemd[1]: Listening on systemd-udevd-kernel.socket - udev Kernel Socket.
2025-01-27T07:24:36.639002+00:00 ip-172-31-27-153 kernel: systemd[1]: Mounting dev-hugepages.mount - Huge Pages File System...
2025-01-27T07:24:36.639003+00:00 ip-172-31-27-153 kernel: systemd[1]: Mounting dev-mqueue.mount - POSIX Message Queue File System...
2025-01-27T07:24:36.639004+00:00 ip-172-31-27-153 kernel: systemd[1]: Mounting sys-kernel-debug.mount - Kernel Debug File System...
2025-01-27T07:24:36.639011+00:00 ip-172-31-27-153 kernel: systemd[1]: Mounting sys-kernel-tracing.mount - Kernel Trace File System...
2025-01-27T07:24:36.639012+00:00 ip-172-31-27-153 kernel: systemd[1]: Starting systemd-journald.service - Journal Service...
2025-01-27T07:24:36.639012+00:00 ip-172-31-27-153 kernel: systemd[1]: Starting keyboard-setup.service - Set the console keyboard layout...
2025-01-27T07:24:36.639013+00:00 ip-172-31-27-153 kernel: systemd[1]: Starting kmod-static-nodes.service - Create List of Static Device Nodes...
2025-01-27T07:24:36.639014+00:00 ip-172-31-27-153 kernel: systemd[1]: Starting lvm2-monitor.service - Monitoring of LVM2 mirrors, snapshots etc. using dmeventd or progress polling...
2025-01-27T07:24:36.639015+00:00 ip-172-31-27-153 kernel: systemd-journald[125]: Collecting audit messages is disabled.
2025-01-27T07:24:36.639018+00:00 ip-172-31-27-153 kernel: systemd[1]: Starting modprobe@configfs.service - Load Kernel Module configfs...
2025-01-27T07:24:36.639019+00:00 ip-172-31-27-153 kernel: systemd[1]: Starting modprobe@dm_mod.service - Load Kernel Module dm_mod...
2025-01-27T07:24:36.639019+00:00 ip-172-31-27-153 kernel: systemd[1]: Starting modprobe@drm.service - Load Kernel Module drm...
2025-01-27T07:24:36.639020+00:00 ip-172-31-27-153 kernel: systemd[1]: Starting modprobe@efi_pstore.service - Load Kernel Module efi_pstore...
2025-01-27T07:24:36.639021+00:00 ip-172-31-27-153 kernel: systemd[1]: Starting modprobe@fuse.service - Load Kernel Module fuse...
2025-01-27T07:24:36.639021+00:00 ip-172-31-27-153 kernel: systemd[1]: Starting modprobe@loop.service - Load Kernel Module loop...
2025-01-27T07:24:36.639025+00:00 ip-172-31-27-153 kernel: systemd[1]: netplan-ovs-cleanup.service - OpenVSwitch configuration for cleanup was skipped because of an unmet condition check (ConditionFileIsExecutable=/usr/bin/ovs-vsctl).
2025-01-27T07:24:36.639026+00:00 ip-172-31-27-153 kernel: systemd[1]: Starting systemd-fsck-root.service - File System Check on Root Device...
2025-01-27T07:24:36.639027+00:00 ip-172-31-27-153 kernel: systemd[1]: Starting systemd-modules-load.service - Load Kernel Modules...
2025-01-27T07:24:36.639027+00:00 ip-172-31-27-153 kernel: systemd[1]: systemd-pcrmachine.service - TPM2 PCR Machine ID Measurement was skipped because of an unmet condition check (ConditionSecurity=measured-uki).
2025-01-27T07:24:36.639028+00:00 ip-172-31-27-153 kernel: systemd[1]: systemd-tpm2-setup-early.service - TPM2 SRK Setup (Early) was skipped because of an unmet condition check (ConditionSecurity=measured-uki).
2025-01-27T07:24:36.639029+00:00 ip-172-31-27-153 kernel: systemd[1]: Starting systemd-udev-trigger.service - Coldplug All udev Devices...
2025-01-27T07:24:36.639032+00:00 ip-172-31-27-153 kernel: systemd[1]: Started systemd-journald.service - Journal Service.
2025-01-27T07:24:36.639033+00:00 ip-172-31-27-153 kernel: EXT4-fs (xvda1): re-mounted 104656f3-cbcd-4c1a-bbe2-5bb510be86c0 r/w. Quota mode: none.
2025-01-27T07:24:36.639034+00:00 ip-172-31-27-153 kernel: systemd-journald[125]: Received client request to flush runtime journal.
2025-01-27T07:24:36.639034+00:00 ip-172-31-27-153 kernel: loop0: detected capacity change from 0 to 53912
2025-01-27T07:24:36.639035+00:00 ip-172-31-27-153 kernel: loop1: detected capacity change from 0 to 151288
2025-01-27T07:24:36.639036+00:00 ip-172-31-27-153 kernel: loop2: detected capacity change from 0 to 91008
2025-01-27T07:24:36.639039+00:00 ip-172-31-27-153 kernel: vif vif-0 enX0: renamed from eth0
2025-01-27T07:24:36.639040+00:00 ip-172-31-27-153 kernel: EXT4-fs (xvda16): mounted filesystem 91942573-b0ea-4e42-8692-2a195de77cba r/w with ordered data mode. Quota mode: none.
2025-01-27T07:24:36.639041+00:00 ip-172-31-27-153 kernel: audit: type=1400 audit(1737962665.908:2): apparmor="STATUS" operation="profile_load" profile="unconfined" name="1password" pid=293 comm="apparmor_parser"
2025-01-27T07:24:36.639042+00:00 ip-172-31-27-153 kernel: audit: type=1400 audit(1737962665.913:3): apparmor="STATUS" operation="profile_load" profile="unconfined" name="Discord" pid=299 comm="apparmor_parser"
2025-01-27T07:24:36.639043+00:00 ip-172-31-27-153 kernel: audit: type=1400 audit(1737962665.923:4): apparmor="STATUS" operation="profile_load" profile="unconfined" name=4D6F6E676F444220436F6D70617373 pid=300 comm="apparmor_parser"
2025-01-27T07:24:36.639043+00:00 ip-172-31-27-153 kernel: audit: type=1400 audit(1737962665.929:5): apparmor="STATUS" operation="profile_load" profile="unconfined" name="QtWebEngineProcess" pid=302 comm="apparmor_parser"
2025-01-27T07:24:36.639047+00:00 ip-172-31-27-153 kernel: audit: type=1400 audit(1737962665.933:6): apparmor="STATUS" operation="profile_load" profile="unconfined" name="balena-etcher" pid=303 comm="apparmor_parser"
2025-01-27T07:24:36.639047+00:00 ip-172-31-27-153 kernel: audit: type=1400 audit(1737962665.944:7): apparmor="STATUS" operation="profile_load" profile="unconfined" name="brave" pid=304 comm="apparmor_parser"
2025-01-27T07:24:36.639056+00:00 ip-172-31-27-153 kernel: audit: type=1400 audit(1737962665.945:8): apparmor="STATUS" operation="profile_load" profile="unconfined" name="buildah" pid=305 comm="apparmor_parser"
2025-01-27T07:24:36.639057+00:00 ip-172-31-27-153 kernel: audit: type=1400 audit(1737962665.952:9): apparmor="STATUS" operation="profile_load" profile="unconfined" name="busybox" pid=306 comm="apparmor_parser"
2025-01-27T07:24:36.639058+00:00 ip-172-31-27-153 kernel: audit: type=1400 audit(1737962665.959:10): apparmor="STATUS" operation="profile_load" profile="unconfined" name="cam" pid=307 comm="apparmor_parser"
2025-01-27T07:24:36.639061+00:00 ip-172-31-27-153 kernel: cryptd: max_cpu_qlen set to 1000
2025-01-27T07:24:36.639062+00:00 ip-172-31-27-153 kernel: AVX2 version of gcm_enc/dec engaged.
2025-01-27T07:24:36.639063+00:00 ip-172-31-27-153 kernel: AES CTR mode by8 optimization enabled
2025-01-27T07:24:36.639063+00:00 ip-172-31-27-153 kernel: kauditd_printk_skb: 22 callbacks suppressed
2025-01-27T07:24:36.639064+00:00 ip-172-31-27-153 kernel: audit: type=1400 audit(1737962666.132:33): apparmor="STATUS" operation="profile_load" profile="unconfined" name="lsb_release" pid=349 comm="apparmor_parser"
2025-01-27T07:24:36.639065+00:00 ip-172-31-27-153 kernel: audit: type=1400 audit(1737962666.136:34): apparmor="STATUS" operation="profile_load" profile="unconfined" name="lxc-attach" pid=353 comm="apparmor_parser"
2025-01-27T07:24:36.639068+00:00 ip-172-31-27-153 kernel: audit: type=1400 audit(1737962666.140:35): apparmor="STATUS" operation="profile_load" profile="unconfined" name="lxc-create" pid=354 comm="apparmor_parser"
2025-01-27T07:24:36.639069+00:00 ip-172-31-27-153 kernel: audit: type=1400 audit(1737962666.142:36): apparmor="STATUS" operation="profile_load" profile="unconfined" name="lxc-destroy" pid=355 comm="apparmor_parser"
2025-01-27T07:24:36.639070+00:00 ip-172-31-27-153 kernel: audit: type=1400 audit(1737962666.143:37): apparmor="STATUS" operation="profile_load" profile="unconfined" name="lxc-execute" pid=356 comm="apparmor_parser"
2025-01-27T07:24:36.639070+00:00 ip-172-31-27-153 kernel: audit: type=1400 audit(1737962666.145:38): apparmor="STATUS" operation="profile_load" profile="unconfined" name="lxc-stop" pid=357 comm="apparmor_parser"
2025-01-27T07:24:36.639071+00:00 ip-172-31-27-153 kernel: audit: type=1400 audit(1737962666.147:39): apparmor="STATUS" operation="profile_load" profile="unconfined" name="lxc-unshare" pid=358 comm="apparmor_parser"
2025-01-27T07:24:36.639074+00:00 ip-172-31-27-153 kernel: audit: type=1400 audit(1737962666.149:40): apparmor="STATUS" operation="profile_load" profile="unconfined" name="lxc-usernsexec" pid=359 comm="apparmor_parser"
2025-01-27T07:24:36.639075+00:00 ip-172-31-27-153 kernel: audit: type=1400 audit(1737962666.151:41): apparmor="STATUS" operation="profile_load" profile="unconfined" name="mmdebstrap" pid=361 comm="apparmor_parser"
2025-01-27T07:24:36.639076+00:00 ip-172-31-27-153 kernel: audit: type=1400 audit(1737962666.153:42): apparmor="STATUS" operation="profile_load" profile="unconfined" name="msedge" pid=363 comm="apparmor_parser"
2025-01-27T07:24:36.639077+00:00 ip-172-31-27-153 kernel: input: ImPS/2 Generic Wheel Mouse as /devices/platform/i8042/serio1/input/input4
2025-01-27T07:24:36.639077+00:00 ip-172-31-27-153 kernel: floppy0: no floppy controllers found
2025-01-27T07:24:36.639080+00:00 ip-172-31-27-153 kernel: work still pending
2025-01-27T07:24:36.639081+00:00 ip-172-31-27-153 kernel: 8021q: 802.1Q VLAN Support v1.8
2025-01-27T07:24:36.639082+00:00 ip-172-31-27-153 kernel: kauditd_printk_skb: 84 callbacks suppressed
2025-01-27T07:24:36.639083+00:00 ip-172-31-27-153 kernel: audit: type=1400 audit(1737962676.017:127): apparmor="STATUS" operation="profile_replace" info="same as current profile, skipping" profile="unconfined" name="rsyslogd" pid=623 comm="apparmor_parser"
2025-01-27T07:24:36.628706+00:00 ip-172-31-27-153 cloud-init[533]: Cloud-init v. 24.4-0ubuntu1~24.04.2 running 'init' at Mon, 27 Jan 2025 07:24:33 +0000. Up 12.96 seconds.
2025-01-27T07:24:36.651879+00:00 ip-172-31-27-153 cloud-init[533]: ci-info: ++++++++++++++++++++++++++++++++++++++Net device info+++++++++++++++++++++++++++++++++++++++
2025-01-27T07:24:36.651886+00:00 ip-172-31-27-153 cloud-init[533]: ci-info: +--------+------+-----------------------------+---------------+--------+-------------------+
2025-01-27T07:24:36.651889+00:00 ip-172-31-27-153 cloud-init[533]: ci-info: | Device |  Up  |           Address           |      Mask     | Scope  |     Hw-Address    |
2025-01-27T07:24:36.651892+00:00 ip-172-31-27-153 cloud-init[533]: ci-info: +--------+------+-----------------------------+---------------+--------+-------------------+
2025-01-27T07:24:36.651895+00:00 ip-172-31-27-153 cloud-init[533]: ci-info: |  enX0  | True |        172.31.27.153        | 255.255.240.0 | global | 0a:ff:f5:c9:3d:7b |
2025-01-27T07:24:36.651898+00:00 ip-172-31-27-153 cloud-init[533]: ci-info: |  enX0  | True | fe80::8ff:f5ff:fec9:3d7b/64 |       .       |  link  | 0a:ff:f5:c9:3d:7b |
2025-01-27T07:24:36.651901+00:00 ip-172-31-27-153 cloud-init[533]: ci-info: |   lo   | True |          127.0.0.1          |   255.0.0.0   |  host  |         .         |
2025-01-27T07:24:36.651904+00:00 ip-172-31-27-153 cloud-init[533]: ci-info: |   lo   | True |           ::1/128           |       .       |  host  |         .         |
2025-01-27T07:24:36.651907+00:00 ip-172-31-27-153 cloud-init[533]: ci-info: +--------+------+-----------------------------+---------------+--------+-------------------+
2025-01-27T07:24:36.651910+00:00 ip-172-31-27-153 cloud-init[533]: ci-info: ++++++++++++++++++++++++++++++Route IPv4 info++++++++++++++++++++++++++++++
2025-01-27T07:24:36.651913+00:00 ip-172-31-27-153 cloud-init[533]: ci-info: +-------+-------------+-------------+-----------------+-----------+-------+
2025-01-27T07:24:36.651916+00:00 ip-172-31-27-153 cloud-init[533]: ci-info: | Route | Destination |   Gateway   |     Genmask     | Interface | Flags |
2025-01-27T07:24:36.651918+00:00 ip-172-31-27-153 cloud-init[533]: ci-info: +-------+-------------+-------------+-----------------+-----------+-------+
2025-01-27T07:24:36.651921+00:00 ip-172-31-27-153 cloud-init[533]: ci-info: |   0   |   0.0.0.0   | 172.31.16.1 |     0.0.0.0     |    enX0   |   UG  |
2025-01-27T07:24:36.651923+00:00 ip-172-31-27-153 cloud-init[533]: ci-info: |   1   |  172.31.0.2 | 172.31.16.1 | 255.255.255.255 |    enX0   |  UGH  |
2025-01-27T07:24:36.651926+00:00 ip-172-31-27-153 cloud-init[533]: ci-info: |   2   | 172.31.16.0 |   0.0.0.0   |  255.255.240.0  |    enX0   |   U   |
2025-01-27T07:24:36.651929+00:00 ip-172-31-27-153 cloud-init[533]: ci-info: |   3   | 172.31.16.1 |   0.0.0.0   | 255.255.255.255 |    enX0   |   UH  |
2025-01-27T07:24:36.651931+00:00 ip-172-31-27-153 cloud-init[533]: ci-info: +-------+-------------+-------------+-----------------+-----------+-------+
2025-01-27T07:24:36.651934+00:00 ip-172-31-27-153 cloud-init[533]: ci-info: +++++++++++++++++++Route IPv6 info+++++++++++++++++++
2025-01-27T07:24:36.651936+00:00 ip-172-31-27-153 cloud-init[533]: ci-info: +-------+-------------+---------+-----------+-------+
2025-01-27T07:24:36.651939+00:00 ip-172-31-27-153 cloud-init[533]: ci-info: | Route | Destination | Gateway | Interface | Flags |
2025-01-27T07:24:36.651941+00:00 ip-172-31-27-153 cloud-init[533]: ci-info: +-------+-------------+---------+-----------+-------+
2025-01-27T07:24:36.651944+00:00 ip-172-31-27-153 cloud-init[533]: ci-info: |   0   |  fe80::/64  |    ::   |    enX0   |   U   |
2025-01-27T07:24:36.651946+00:00 ip-172-31-27-153 cloud-init[533]: ci-info: |   2   |    local    |    ::   |    enX0   |   U   |
2025-01-27T07:24:36.651949+00:00 ip-172-31-27-153 cloud-init[533]: ci-info: |   3   |  multicast  |    ::   |    enX0   |   U   |
2025-01-27T07:24:36.651952+00:00 ip-172-31-27-153 cloud-init[533]: ci-info: +-------+-------------+---------+-----------+-------+
2025-01-27T07:24:36.651990+00:00 ip-172-31-27-153 cloud-init[533]: Generating public/private rsa key pair.
2025-01-27T07:24:36.651993+00:00 ip-172-31-27-153 cloud-init[533]: Your identification has been saved in /etc/ssh/ssh_host_rsa_key
2025-01-27T07:24:36.651996+00:00 ip-172-31-27-153 cloud-init[533]: Your public key has been saved in /etc/ssh/ssh_host_rsa_key.pub
2025-01-27T07:24:36.651999+00:00 ip-172-31-27-153 cloud-init[533]: The key fingerprint is:
2025-01-27T07:24:36.652001+00:00 ip-172-31-27-153 cloud-init[533]: SHA256:KKzpfQvzyNG4VxZq8HLTnR/YDhEZwyPYNw7UdLdZBac root@ip-172-31-27-153
2025-01-27T07:24:36.652004+00:00 ip-172-31-27-153 cloud-init[533]: The key's randomart image is:
2025-01-27T07:24:36.652006+00:00 ip-172-31-27-153 cloud-init[533]: +---[RSA 3072]----+
2025-01-27T07:24:36.652009+00:00 ip-172-31-27-153 cloud-init[533]: |       +.++o. o.=|
2025-01-27T07:24:36.652011+00:00 ip-172-31-27-153 cloud-init[533]: |      . + Oo . * |
2025-01-27T07:24:36.652014+00:00 ip-172-31-27-153 cloud-init[533]: |         = +  E  |
2025-01-27T07:24:36.652017+00:00 ip-172-31-27-153 cloud-init[533]: |   ..  .. o      |
2025-01-27T07:24:36.652019+00:00 ip-172-31-27-153 cloud-init[533]: |    oo.oSo =     |
2025-01-27T07:24:36.652021+00:00 ip-172-31-27-153 cloud-init[533]: |   o.+* + = o    |
2025-01-27T07:24:36.652024+00:00 ip-172-31-27-153 cloud-init[533]: |  o =+.+   + .   |
2025-01-27T07:24:36.652026+00:00 ip-172-31-27-153 cloud-init[533]: | . o Bo     o    |
2025-01-27T07:24:36.652029+00:00 ip-172-31-27-153 cloud-init[533]: |  . =oo.         |
2025-01-27T07:24:36.652031+00:00 ip-172-31-27-153 cloud-init[533]: +----[SHA256]-----+
2025-01-27T07:24:36.652034+00:00 ip-172-31-27-153 cloud-init[533]: Generating public/private ecdsa key pair.
2025-01-27T07:24:36.652036+00:00 ip-172-31-27-153 cloud-init[533]: Your identification has been saved in /etc/ssh/ssh_host_ecdsa_key
2025-01-27T07:24:36.652038+00:00 ip-172-31-27-153 cloud-init[533]: Your public key has been saved in /etc/ssh/ssh_host_ecdsa_key.pub
2025-01-27T07:24:36.652041+00:00 ip-172-31-27-153 cloud-init[533]: The key fingerprint is:
2025-01-27T07:24:36.652043+00:00 ip-172-31-27-153 cloud-init[533]: SHA256:sLh34Tbt6tHQ3Rmup6trVx08P6X+Waqq3gfkrjZ6FoM root@ip-172-31-27-153
2025-01-27T07:24:36.652046+00:00 ip-172-31-27-153 cloud-init[533]: The key's randomart image is:
2025-01-27T07:24:36.652048+00:00 ip-172-31-27-153 cloud-init[533]: +---[ECDSA 256]---+
2025-01-27T07:24:36.652050+00:00 ip-172-31-27-153 cloud-init[533]: |                 |
2025-01-27T07:24:36.652053+00:00 ip-172-31-27-153 cloud-init[533]: |                 |
2025-01-27T07:24:36.652057+00:00 ip-172-31-27-153 cloud-init[533]: |      .       o  |
2025-01-27T07:24:36.652059+00:00 ip-172-31-27-153 cloud-init[533]: |     . o ... o *.|
2025-01-27T07:24:36.652062+00:00 ip-172-31-27-153 cloud-init[533]: |    . ..So. . +o=|
2025-01-27T07:24:36.664882+00:00 ip-172-31-27-153 cloud-init[533]: |     .E.o=o  .o.o|
2025-01-27T07:24:36.664895+00:00 ip-172-31-27-153 cloud-init[533]: |    . . *+o..o. o|
2025-01-27T07:24:36.664906+00:00 ip-172-31-27-153 cloud-init[533]: |     . o==o oo..o|
2025-01-27T07:24:36.664916+00:00 ip-172-31-27-153 cloud-init[533]: |      .B****+o.o.|
2025-01-27T07:24:36.664926+00:00 ip-172-31-27-153 cloud-init[533]: +----[SHA256]-----+
2025-01-27T07:24:36.664936+00:00 ip-172-31-27-153 cloud-init[533]: Generating public/private ed25519 key pair.
2025-01-27T07:24:36.664945+00:00 ip-172-31-27-153 cloud-init[533]: Your identification has been saved in /etc/ssh/ssh_host_ed25519_key
2025-01-27T07:24:36.664955+00:00 ip-172-31-27-153 cloud-init[533]: Your public key has been saved in /etc/ssh/ssh_host_ed25519_key.pub
2025-01-27T07:24:36.664966+00:00 ip-172-31-27-153 cloud-init[533]: The key fingerprint is:
2025-01-27T07:24:36.664976+00:00 ip-172-31-27-153 cloud-init[533]: SHA256:dnsW6RXev2NvkZBJ8H80zJT0RyVQaLClzi4SaOvDugU root@ip-172-31-27-153
2025-01-27T07:24:36.664986+00:00 ip-172-31-27-153 cloud-init[533]: The key's randomart image is:
2025-01-27T07:24:36.664996+00:00 ip-172-31-27-153 cloud-init[533]: +--[ED25519 256]--+
2025-01-27T07:24:36.665005+00:00 ip-172-31-27-153 cloud-init[533]: |          .o+++o=|
2025-01-27T07:24:36.665015+00:00 ip-172-31-27-153 cloud-init[533]: |           ++.++.|
2025-01-27T07:24:36.665025+00:00 ip-172-31-27-153 cloud-init[533]: |          o...+++|
2025-01-27T07:24:36.665035+00:00 ip-172-31-27-153 cloud-init[533]: |     .   o   *.+o|
2025-01-27T07:24:36.665044+00:00 ip-172-31-27-153 cloud-init[533]: |  E o . S + o +.+|
2025-01-27T07:24:36.665054+00:00 ip-172-31-27-153 cloud-init[533]: |   o . o o o o oo|
2025-01-27T07:24:36.665063+00:00 ip-172-31-27-153 cloud-init[533]: |   .o . . o +   o|
2025-01-27T07:24:36.665067+00:00 ip-172-31-27-153 cloud-init[533]: |   oo  . . o   oo|
2025-01-27T07:24:36.665070+00:00 ip-172-31-27-153 cloud-init[533]: |  oo..        .o+|
2025-01-27T07:24:36.665072+00:00 ip-172-31-27-153 cloud-init[533]: +----[SHA256]-----+
2025-01-27T07:24:36.665076+00:00 ip-172-31-27-153 systemd[1]: Finished cloud-init.service - Cloud-init: Network Stage.
2025-01-27T07:24:36.665078+00:00 ip-172-31-27-153 systemd[1]: Reached target cloud-config.target - Cloud-config availability.
2025-01-27T07:24:36.665081+00:00 ip-172-31-27-153 systemd[1]: Reached target network-online.target - Network is Online.
2025-01-27T07:24:36.665083+00:00 ip-172-31-27-153 systemd[1]: Reached target sysinit.target - System Initialization.
2025-01-27T07:24:36.665085+00:00 ip-172-31-27-153 systemd[1]: Started acpid.path - ACPI Events Check.
2025-01-27T07:24:36.665088+00:00 ip-172-31-27-153 systemd[1]: apport-autoreport.path - Process error reports when automatic reporting is enabled (file watch) was skipped because of an unmet condition check (ConditionPathExists=/var/lib/apport/autoreport).
2025-01-27T07:24:36.665091+00:00 ip-172-31-27-153 systemd[1]: tpm-udev.path - Handle dynamically added tpm devices was skipped because of an unmet condition check (ConditionVirtualization=container).
2025-01-27T07:24:36.665093+00:00 ip-172-31-27-153 systemd[1]: apport-autoreport.timer - Process error reports when automatic reporting is enabled (timer based) was skipped because of an unmet condition check (ConditionPathExists=/var/lib/apport/autoreport).
2025-01-27T07:24:36.665096+00:00 ip-172-31-27-153 systemd[1]: Started systemd-tmpfiles-clean.timer - Daily Cleanup of Temporary Directories.
2025-01-27T07:24:36.665098+00:00 ip-172-31-27-153 systemd[1]: ua-timer.timer - Ubuntu Pro Timer for running repeated jobs was skipped because of an unmet condition check (ConditionPathExists=/var/lib/ubuntu-advantage/private/machine-token.json).
2025-01-27T07:24:36.665101+00:00 ip-172-31-27-153 systemd[1]: Started update-notifier-download.timer - Download data for packages that failed at package install time.
